23:42:46 **** Incremental Build of configuration Debug for project f4disc1_001_uart_hello_world ****
make -j4 all 
arm-none-eabi-gcc "../Core/Src/stm32f4xx_hal_msp.c" -mcpu=cortex-m4 -std=gnu11 -g3 -DDEBUG -DUSE_HAL_DRIVER -DSTM32F407xx -c -I../USB_HOST/App -I../USB_HOST/Target -I../Core/Inc -I../Drivers/STM32F4xx_HAL_Driver/Inc -I../Drivers/STM32F4xx_HAL_Driver/Inc/Legacy -I../Middlewares/ST/STM32_USB_Host_Library/Core/Inc -I../Middlewares/ST/STM32_USB_Host_Library/Class/CDC/Inc -I../Drivers/CMSIS/Device/ST/STM32F4xx/Include -I../Drivers/CMSIS/Include -O0 -ffunction-sections -fdata-sections -Wall -fstack-usage -fcyclomatic-complexity -MMD -MP -MF"Core/Src/stm32f4xx_hal_msp.d" -MT"Core/Src/stm32f4xx_hal_msp.o" --specs=nano.specs -mfpu=fpv4-sp-d16 -mfloat-abi=hard -mthumb -o "Core/Src/stm32f4xx_hal_msp.o"
arm-none-eabi-gcc -o "f4disc1_001_uart_hello_world.elf" @"objects.list"   -mcpu=cortex-m4 -T"C:\Users\hop\Documents\GitHub\stm32_code\code\f4disc1_001_uart_hello_world\STM32F407VGTX_FLASH.ld" --specs=nosys.specs -Wl,-Map="f4disc1_001_uart_hello_world.map" -Wl,--gc-sections -static --specs=nano.specs -mfpu=fpv4-sp-d16 -mfloat-abi=hard -mthumb -Wl,--start-group -lc -lm -Wl,--end-group
Finished building target: f4disc1_001_uart_hello_world.elf
 
arm-none-eabi-size  f4disc1_001_uart_hello_world.elf 
arm-none-eabi-objdump -h -S f4disc1_001_uart_hello_world.elf  > "f4disc1_001_uart_hello_world.list"
   text	   data	    bss	    dec	    hex	filename
   4840	     20	   1636	   6496	   1960	f4disc1_001_uart_hello_world.elf
Finished building: default.size.stdout
 
Finished building: f4disc1_001_uart_hello_world.list
 

23:42:48 Build Finished. 0 errors, 0 warnings. (took 2s.99ms)

