2026-04-25 21:04:22,175 [INFO] Activator:176 - 


2026-04-25 21:04:22,190 [INFO] Activator:177 - !SESSION log4j initialized
2026-04-25 21:04:44,151 [INFO] LogOutputStream:77 - [STDOUT_REDIRECT] 
2026-04-25 21:04:46,328 [INFO] ApplicationProperties:184 - Using Application install path: C:\ST\STM32CubeIDE_1.14.0\STM32CubeIDE\plugins\com.st.stm32cube.common.mx_6.10.0.202311202037
2026-04-25 21:04:46,533 [INFO] DbMcusXml:78 - Set database path to: C:\ST\STM32CubeIDE_1.14.0\STM32CubeIDE\plugins\com.st.stm32cube.common.mx_6.10.0.202311202037\\db\/mcu/
2026-04-25 21:04:46,534 [INFO] ApiDb:274 - Set plugin database path to: C:\ST\STM32CubeIDE_1.14.0\STM32CubeIDE\plugins\com.st.stm32cube.common.mx_6.10.0.202311202037\\db\/plugins/boardmanager/
2026-04-25 21:04:46,534 [WARN] ApiDb:259 - Overriding images path with different value:  => C:\ST\STM32CubeIDE_1.14.0\STM32CubeIDE\plugins\com.st.stm32cube.common.mx_6.10.0.202311202037\\db\/plugins/mcufinder/images/
2026-04-25 21:04:46,601 [INFO] ApiDb:250 - Set database path to: C:\Users\hop\.stmcufinder\plugins\mcufinder//mcu/
2026-04-25 21:04:46,604 [INFO] DbMcusAds:125 - Set database path to: C:\Users\hop\.stmcufinder\plugins\mcufinder//mcu/
2026-04-25 21:04:46,609 [INFO] CrossReferenceDbSqlite:203 - Set database path to: C:\Users\hop\.stmcufinder\plugins\mcufinder//mcu/cs/
2026-04-25 21:04:46,836 [INFO] RulesReader:64 - Compatibility file has been processed (297 Rules)
2026-04-25 21:04:46,991 [INFO] DbMcusXml:78 - Set database path to: C:\ST\STM32CubeIDE_1.14.0\STM32CubeIDE\plugins\com.st.stm32cube.common.mx_6.10.0.202311202037\\db\/mcu/
2026-04-25 21:04:46,991 [INFO] ApiDb:274 - Set plugin database path to: C:\ST\STM32CubeIDE_1.14.0\STM32CubeIDE\plugins\com.st.stm32cube.common.mx_6.10.0.202311202037\\db\/plugins/boardmanager/
2026-04-25 21:04:46,991 [INFO] ApiDb:261 - Set plugin images path to: C:\ST\STM32CubeIDE_1.14.0\STM32CubeIDE\plugins\com.st.stm32cube.common.mx_6.10.0.202311202037\\db\/plugins/mcufinder/images/
2026-04-25 21:04:46,992 [WARN] DbFile:41 - Overriding database path with different value: C:\Users\hop\.stmcufinder\plugins\mcufinder/ => C:\Users\hop\.stmcufinder\plugins\mcufinder
2026-04-25 21:04:46,992 [INFO] ApiDb:250 - Set database path to: C:\Users\hop\.stmcufinder\plugins\mcufinder//mcu/
2026-04-25 21:04:46,992 [WARN] DbFile:41 - Overriding database path with different value: C:\Users\hop\.stmcufinder\plugins\mcufinder/ => C:\Users\hop\.stmcufinder\plugins\mcufinder
2026-04-25 21:04:46,992 [INFO] DbMcusAds:125 - Set database path to: C:\Users\hop\.stmcufinder\plugins\mcufinder//mcu/
2026-04-25 21:04:46,992 [WARN] DbFile:41 - Overriding database path with different value: C:\Users\hop\.stmcufinder\plugins\mcufinder/ => C:\Users\hop\.stmcufinder\plugins\mcufinder
2026-04-25 21:04:46,992 [WARN] DbFile:41 - Overriding database path with different value: C:\Users\hop\.stmcufinder\plugins\mcufinder/ => C:\Users\hop\.stmcufinder\plugins\mcufinder
2026-04-25 21:04:46,993 [INFO] CrossReferenceDbSqlite:203 - Set database path to: C:\Users\hop\.stmcufinder\plugins\mcufinder//mcu/cs/
2026-04-25 21:04:47,132 [INFO] MainPanel:264 - HeapMemory: 268435456
2026-04-25 21:04:47,272 [INFO] DbMcusXml:78 - Set database path to: C:\ST\STM32CubeIDE_1.14.0\STM32CubeIDE\plugins\com.st.stm32cube.common.mx_6.10.0.202311202037\\db\/mcu/
2026-04-25 21:04:47,272 [INFO] ApiDb:274 - Set plugin database path to: C:\ST\STM32CubeIDE_1.14.0\STM32CubeIDE\plugins\com.st.stm32cube.common.mx_6.10.0.202311202037\\db\/plugins/boardmanager/
2026-04-25 21:04:47,272 [INFO] ApiDb:261 - Set plugin images path to: C:\ST\STM32CubeIDE_1.14.0\STM32CubeIDE\plugins\com.st.stm32cube.common.mx_6.10.0.202311202037\\db\/plugins/mcufinder/images/
2026-04-25 21:04:47,273 [WARN] DbFile:41 - Overriding database path with different value: C:\Users\hop\.stmcufinder\plugins\mcufinder/ => C:\Users\hop\.stmcufinder\plugins\mcufinder
2026-04-25 21:04:47,273 [INFO] ApiDb:250 - Set database path to: C:\Users\hop\.stmcufinder\plugins\mcufinder//mcu/
2026-04-25 21:04:47,273 [WARN] DbFile:41 - Overriding database path with different value: C:\Users\hop\.stmcufinder\plugins\mcufinder/ => C:\Users\hop\.stmcufinder\plugins\mcufinder
2026-04-25 21:04:47,273 [INFO] DbMcusAds:125 - Set database path to: C:\Users\hop\.stmcufinder\plugins\mcufinder//mcu/
2026-04-25 21:04:47,273 [WARN] DbFile:41 - Overriding database path with different value: C:\Users\hop\.stmcufinder\plugins\mcufinder/ => C:\Users\hop\.stmcufinder\plugins\mcufinder
2026-04-25 21:04:47,273 [WARN] DbFile:41 - Overriding database path with different value: C:\Users\hop\.stmcufinder\plugins\mcufinder/ => C:\Users\hop\.stmcufinder\plugins\mcufinder
2026-04-25 21:04:47,273 [INFO] CrossReferenceDbSqlite:203 - Set database path to: C:\Users\hop\.stmcufinder\plugins\mcufinder//mcu/cs/
2026-04-25 21:04:47,307 [INFO] ApplicationProperties:184 - Using Application install path: C:\ST\STM32CubeIDE_1.14.0\STM32CubeIDE\plugins\com.st.stm32cube.common.mx_6.10.0.202311202037
2026-04-25 21:04:47,310 [INFO] PluginManage:196 - Search for loadable plugins [exclusion list=, ]
2026-04-25 21:04:47,313 [INFO] PluginManage:310 - Check plugin analytics
2026-04-25 21:04:47,623 [INFO] AnalyticsPlugin:253 - Accepted Software Licenses: STM32CubeMX.6.11.0
2026-04-25 21:04:47,623 [INFO] AnalyticsPlugin:255 - Accepted CMSIS Pack Licenses: 
2026-04-25 21:04:47,624 [INFO] AnalyticsPlugin:257 - Accepted Firmware Licenses: FW.F4.1.28.0
2026-04-25 21:04:47,629 [INFO] PluginManage:359 - Loaded plugin analytics (category:tool,tabindex:-1)
2026-04-25 21:04:47,631 [INFO] PluginManage:310 - Check plugin cadmodel
2026-04-25 21:04:47,646 [INFO] CADModel:105 - Init CAD model plugin
2026-04-25 21:04:47,647 [INFO] PluginManage:359 - Loaded plugin cadmodel (category:power,tabindex:5)
2026-04-25 21:04:47,647 [INFO] PluginManage:310 - Check plugin clock
2026-04-25 21:04:47,669 [INFO] PluginManage:359 - Loaded plugin clock (category:base,tabindex:2)
2026-04-25 21:04:47,670 [INFO] PluginManage:310 - Check plugin ddr
2026-04-25 21:04:47,673 [INFO] PluginManage:359 - Loaded plugin ddr (category:tool,tabindex:6)
2026-04-25 21:04:47,674 [INFO] PluginManage:310 - Check plugin filemanager
2026-04-25 21:04:47,898 [INFO] PluginManage:359 - Loaded plugin filemanager (category:base,tabindex:10)
2026-04-25 21:04:47,898 [INFO] PluginManage:310 - Check plugin ipmanager
2026-04-25 21:04:47,913 [INFO] PluginManage:359 - Loaded plugin ipmanager (category:base,tabindex:5)
2026-04-25 21:04:47,913 [INFO] PluginManage:310 - Check plugin lpbam
2026-04-25 21:04:47,928 [INFO] PluginManage:359 - Loaded plugin lpbam (category:base,tabindex:0)
2026-04-25 21:04:47,929 [INFO] PluginManage:310 - Check plugin memorymap
2026-04-25 21:04:47,952 [INFO] PluginManage:359 - Loaded plugin memorymap (category:base,tabindex:4)
2026-04-25 21:04:47,952 [INFO] PluginManage:310 - Check plugin pinoutandconfiguration
2026-04-25 21:04:47,965 [INFO] PluginManage:359 - Loaded plugin pinoutandconfiguration (category:base,tabindex:1)
2026-04-25 21:04:47,966 [INFO] PluginManage:310 - Check plugin pinoutconfig
2026-04-25 21:04:48,109 [WARN] SupportedApi:132 - Cannot load RTOS API schema: s4s-elt-must-match.1: The content of 'definitions' must match (annotation?, (simpleType | complexType)?, (unique | key | keyref)*)). A problem was found starting at: attribute.
2026-04-25 21:04:48,349 [INFO] PluginManage:359 - Loaded plugin pinoutconfig (category:base,tabindex:0)
2026-04-25 21:04:48,349 [INFO] PluginManage:310 - Check plugin power
2026-04-25 21:04:48,373 [INFO] PluginManage:359 - Loaded plugin power (category:power,tabindex:4)
2026-04-25 21:04:48,374 [INFO] PluginManage:310 - Check plugin projectmanager
2026-04-25 21:04:48,410 [INFO] PluginManage:359 - Loaded plugin projectmanager (category:projectmanager,tabindex:3)
2026-04-25 21:04:48,411 [INFO] PluginManage:310 - Check plugin thirdparty
2026-04-25 21:04:48,701 [INFO] PluginManage:359 - Loaded plugin thirdparty (category:base,tabindex:-1)
2026-04-25 21:04:48,701 [WARN] IntegrityCheckThread:84 - waiting for thirdparty lock release [integrity check]
2026-04-25 21:04:48,702 [INFO] PluginManage:310 - Check plugin tools
2026-04-25 21:04:48,702 [INFO] IntegrityCheckThread:86 - entering critical section [integrity check]
2026-04-25 21:04:48,703 [INFO] ThirdPartyUpdaterWithRetryManager:70 - Updater plugin not ready yet. [1/15]
2026-04-25 21:04:48,708 [INFO] PluginManage:359 - Loaded plugin tools (category:base,tabindex:7)
2026-04-25 21:04:48,709 [INFO] PluginManage:310 - Check plugin tutovideos
2026-04-25 21:04:49,046 [INFO] PluginManage:359 - Loaded plugin tutovideos (category:base,tabindex:-1)
2026-04-25 21:04:49,046 [INFO] PluginManage:310 - Check plugin updater
2026-04-25 21:04:49,066 [INFO] PluginManage:359 - Loaded plugin updater (category:base,tabindex:12)
2026-04-25 21:04:49,066 [INFO] PluginManage:310 - Check plugin userauth
2026-04-25 21:04:49,074 [INFO] UserAuth:114 - Init User Auth plugin
2026-04-25 21:04:49,075 [INFO] PluginManage:359 - Loaded plugin userauth (category:base,tabindex:14)
2026-04-25 21:04:49,076 [INFO] PluginManage:283 - PluginManage : Loaded plugins [17]
2026-04-25 21:04:49,424 [INFO] PinOutPanel:1499 - setPackage(No Configuration,No Configuration)
2026-04-25 21:04:49,546 [INFO] CADModel:165 - CPN selected for project level
2026-04-25 21:04:49,546 [INFO] CADModel:114 - Register for checkConnection events
2026-04-25 21:04:49,571 [INFO] IPUIPlugin:80 - create IPUIPlugin
2026-04-25 21:04:49,572 [INFO] PluginManager:220 - loadIPPluginJar : add adc
2026-04-25 21:04:49,584 [INFO] IPUIPlugin:80 - create IPUIPlugin
2026-04-25 21:04:49,584 [INFO] PluginManager:220 - loadIPPluginJar : add aes
2026-04-25 21:04:49,591 [INFO] IPUIPlugin:80 - create IPUIPlugin
2026-04-25 21:04:49,591 [INFO] PluginManager:220 - loadIPPluginJar : add can
2026-04-25 21:04:49,595 [INFO] IPUIPlugin:80 - create IPUIPlugin
2026-04-25 21:04:49,595 [INFO] PluginManager:220 - loadIPPluginJar : add comp
2026-04-25 21:04:49,599 [INFO] IPUIPlugin:80 - create IPUIPlugin
2026-04-25 21:04:49,599 [INFO] PluginManager:220 - loadIPPluginJar : add cryp
2026-04-25 21:04:49,604 [INFO] IPUIPlugin:80 - create IPUIPlugin
2026-04-25 21:04:49,606 [INFO] PluginManager:220 - loadIPPluginJar : add dfsdm
2026-04-25 21:04:49,614 [INFO] IPUIPlugin:80 - create IPUIPlugin
2026-04-25 21:04:49,615 [INFO] PluginManager:220 - loadIPPluginJar : add dma
2026-04-25 21:04:49,620 [INFO] IPUIPlugin:80 - create IPUIPlugin
2026-04-25 21:04:49,620 [INFO] PluginManager:220 - loadIPPluginJar : add dma3
2026-04-25 21:04:49,623 [INFO] IPUIPlugin:80 - create IPUIPlugin
2026-04-25 21:04:49,624 [INFO] PluginManager:220 - loadIPPluginJar : add fatfs
2026-04-25 21:04:49,630 [INFO] IPUIPlugin:80 - create IPUIPlugin
2026-04-25 21:04:49,631 [INFO] PluginManager:220 - loadIPPluginJar : add fmc
2026-04-25 21:04:49,641 [INFO] IPUIPlugin:80 - create IPUIPlugin
2026-04-25 21:04:49,641 [INFO] PluginManager:220 - loadIPPluginJar : add freertos
2026-04-25 21:04:49,645 [INFO] IPUIPlugin:80 - create IPUIPlugin
2026-04-25 21:04:49,645 [INFO] PluginManager:220 - loadIPPluginJar : add genericplugin
2026-04-25 21:04:49,650 [INFO] IPUIPlugin:80 - create IPUIPlugin
2026-04-25 21:04:49,651 [INFO] PluginManager:220 - loadIPPluginJar : add gfxmmu
2026-04-25 21:04:49,660 [INFO] IPUIPlugin:80 - create IPUIPlugin
2026-04-25 21:04:49,660 [INFO] PluginManager:220 - loadIPPluginJar : add gic
2026-04-25 21:04:49,669 [INFO] IPUIPlugin:80 - create IPUIPlugin
2026-04-25 21:04:49,669 [INFO] PluginManager:220 - loadIPPluginJar : add gpio
2026-04-25 21:04:49,674 [INFO] IPUIPlugin:80 - create IPUIPlugin
2026-04-25 21:04:49,674 [INFO] PluginManager:220 - loadIPPluginJar : add gtzc
2026-04-25 21:04:49,679 [INFO] IPUIPlugin:80 - create IPUIPlugin
2026-04-25 21:04:49,679 [INFO] PluginManager:220 - loadIPPluginJar : add hash
2026-04-25 21:04:49,685 [INFO] IPUIPlugin:80 - create IPUIPlugin
2026-04-25 21:04:49,686 [INFO] PluginManager:220 - loadIPPluginJar : add i2c
2026-04-25 21:04:49,690 [INFO] IPUIPlugin:80 - create IPUIPlugin
2026-04-25 21:04:49,690 [INFO] PluginManager:220 - loadIPPluginJar : add i2s
2026-04-25 21:04:49,696 [INFO] IPUIPlugin:80 - create IPUIPlugin
2026-04-25 21:04:49,697 [INFO] PluginManager:220 - loadIPPluginJar : add i3c
2026-04-25 21:04:49,702 [INFO] IPUIPlugin:80 - create IPUIPlugin
2026-04-25 21:04:49,702 [INFO] PluginManager:220 - loadIPPluginJar : add ipddr
2026-04-25 21:04:49,714 [INFO] IPUIPlugin:80 - create IPUIPlugin
2026-04-25 21:04:49,715 [INFO] PluginManager:220 - loadIPPluginJar : add linkedlist
2026-04-25 21:04:49,720 [INFO] IPUIPlugin:80 - create IPUIPlugin
2026-04-25 21:04:49,720 [INFO] PluginManager:220 - loadIPPluginJar : add lorawan
2026-04-25 21:04:49,723 [INFO] IPUIPlugin:80 - create IPUIPlugin
2026-04-25 21:04:49,724 [INFO] PluginManager:220 - loadIPPluginJar : add ltdc
2026-04-25 21:04:49,733 [INFO] IPUIPlugin:80 - create IPUIPlugin
2026-04-25 21:04:49,734 [INFO] PluginManager:220 - loadIPPluginJar : add mdma
2026-04-25 21:04:49,743 [INFO] IPUIPlugin:80 - create IPUIPlugin
2026-04-25 21:04:49,743 [INFO] PluginManager:220 - loadIPPluginJar : add nvic
2026-04-25 21:04:49,749 [INFO] IPUIPlugin:80 - create IPUIPlugin
2026-04-25 21:04:49,749 [INFO] PluginManager:220 - loadIPPluginJar : add opamp
2026-04-25 21:04:49,756 [INFO] IPUIPlugin:80 - create IPUIPlugin
2026-04-25 21:04:49,756 [INFO] PluginManager:220 - loadIPPluginJar : add openamp
2026-04-25 21:04:49,764 [INFO] IPUIPlugin:80 - create IPUIPlugin
2026-04-25 21:04:49,764 [INFO] PluginManager:220 - loadIPPluginJar : add pdm2pcm
2026-04-25 21:04:49,779 [INFO] IPUIPlugin:80 - create IPUIPlugin
2026-04-25 21:04:49,786 [INFO] PluginManager:220 - loadIPPluginJar : add plateformsettings
2026-04-25 21:04:49,789 [INFO] IPUIPlugin:80 - create IPUIPlugin
2026-04-25 21:04:49,790 [INFO] PluginManager:220 - loadIPPluginJar : add quadspi
2026-04-25 21:04:49,803 [INFO] IPUIPlugin:80 - create IPUIPlugin
2026-04-25 21:04:49,804 [INFO] PluginManager:220 - loadIPPluginJar : add resmgrutility
2026-04-25 21:04:49,812 [INFO] IPUIPlugin:80 - create IPUIPlugin
2026-04-25 21:04:49,813 [INFO] PluginManager:220 - loadIPPluginJar : add sai
2026-04-25 21:04:49,818 [INFO] IPUIPlugin:80 - create IPUIPlugin
2026-04-25 21:04:49,818 [INFO] PluginManager:220 - loadIPPluginJar : add spi
2026-04-25 21:04:49,828 [INFO] IPUIPlugin:80 - create IPUIPlugin
2026-04-25 21:04:49,828 [INFO] PluginManager:220 - loadIPPluginJar : add stm32_wpan
2026-04-25 21:04:49,830 [INFO] IPUIPlugin:80 - create IPUIPlugin
2026-04-25 21:04:49,831 [INFO] PluginManager:220 - loadIPPluginJar : add tim
2026-04-25 21:04:49,837 [INFO] IPUIPlugin:80 - create IPUIPlugin
2026-04-25 21:04:49,837 [INFO] PluginManager:220 - loadIPPluginJar : add touchsensing
2026-04-25 21:04:49,842 [INFO] IPUIPlugin:80 - create IPUIPlugin
2026-04-25 21:04:49,842 [INFO] PluginManager:220 - loadIPPluginJar : add tracer_emb
2026-04-25 21:04:49,845 [INFO] IPUIPlugin:80 - create IPUIPlugin
2026-04-25 21:04:49,845 [INFO] PluginManager:220 - loadIPPluginJar : add ts
2026-04-25 21:04:49,849 [INFO] IPUIPlugin:80 - create IPUIPlugin
2026-04-25 21:04:49,849 [INFO] PluginManager:220 - loadIPPluginJar : add tsc
2026-04-25 21:04:49,852 [INFO] IPUIPlugin:80 - create IPUIPlugin
2026-04-25 21:04:49,852 [INFO] PluginManager:220 - loadIPPluginJar : add ucpd
2026-04-25 21:04:49,857 [INFO] IPUIPlugin:80 - create IPUIPlugin
2026-04-25 21:04:49,857 [INFO] PluginManager:220 - loadIPPluginJar : add usart
2026-04-25 21:04:49,863 [INFO] IPUIPlugin:80 - create IPUIPlugin
2026-04-25 21:04:49,863 [INFO] PluginManager:220 - loadIPPluginJar : add usbx
2026-04-25 21:04:50,053 [INFO] CADModel:165 - CPN selected for project level
2026-04-25 21:04:50,053 [INFO] CADModel:114 - Register for checkConnection events
2026-04-25 21:04:50,055 [FATAL] Updater:308 - Updater called before beeing initialized
2026-04-25 21:04:50,055 [ERROR] CADModel:125 - Updater not yet initialized, retry later 
2026-04-25 21:04:50,322 [INFO] CADModel:165 - CPN selected for project level
2026-04-25 21:04:50,323 [INFO] CADModel:114 - Register for checkConnection events
2026-04-25 21:04:50,323 [FATAL] Updater:308 - Updater called before beeing initialized
2026-04-25 21:04:50,323 [ERROR] CADModel:125 - Updater not yet initialized, retry later 
2026-04-25 21:04:50,331 [FATAL] Updater:308 - Updater called before beeing initialized
2026-04-25 21:04:50,569 [FATAL] Updater:308 - Updater called before beeing initialized
2026-04-25 21:04:50,576 [INFO] DbMcusAds:53 - JSON generation date=Thu Sep 30 10:25:09 IRST 2021 (1632984909247)
2026-04-25 21:04:50,576 [FATAL] Updater:308 - Updater called before beeing initialized
2026-04-25 21:04:50,636 [WARN] DetailPanel:346 - Failed to get advertising image, set to default
2026-04-25 21:04:50,767 [FATAL] Updater:308 - Updater called before beeing initialized
2026-04-25 21:04:50,771 [FATAL] Updater:308 - Updater called before beeing initialized
2026-04-25 21:04:50,772 [FATAL] Updater:308 - Updater called before beeing initialized
2026-04-25 21:04:50,772 [WARN] DetailPanel:346 - Failed to get advertising image, set to default
2026-04-25 21:04:50,773 [FATAL] Updater:308 - Updater called before beeing initialized
2026-04-25 21:04:50,873 [ERROR] Updater:1120 - MainUpdater not yet initialized. External WinMGr cannot be set.
2026-04-25 21:04:50,877 [INFO] Updater:1056 - Updater Version found : 6.10.0
2026-04-25 21:04:50,908 [INFO] ApplicationProperties:184 - Using Application install path: C:\ST\STM32CubeIDE_1.14.0\STM32CubeIDE\plugins\com.st.stm32cube.common.mx_6.10.0.202311202037
2026-04-25 21:04:51,704 [INFO] ThirdPartyUpdaterWithRetryManager:70 - Updater plugin not ready yet. [2/15]
2026-04-25 21:04:52,497 [ERROR] LogOutputStream:75 - [STDERR_REDIRECT] Apr 25, 2026 9:04:52 PM java.util.prefs.WindowsPreferences <init>
2026-04-25 21:04:52,501 [ERROR] LogOutputStream:75 - [STDERR_REDIRECT] WARNING: Could not open/create prefs root node Software\JavaSoft\Prefs at root 0xffffffff80000002. Windows RegCreateKeyEx(...) returned error code 5.
2026-04-25 21:04:52,502 [ERROR] LogOutputStream:75 - [STDERR_REDIRECT] 
2026-04-25 21:04:54,705 [FATAL] Updater:308 - Updater called before beeing initialized
2026-04-25 21:04:54,705 [ERROR] IntegrityCheckThread:130 - Cannot retrieve database content from updater: error 21
2026-04-25 21:04:54,706 [INFO] ThirdParty:978 - Integrity check success = false
2026-04-25 21:04:54,706 [INFO] IntegrityCheckThread:100 - exiting critical section [integrity check]
2026-04-25 21:04:54,706 [INFO] IntegrityCheckThread:103 - End integrity checks thread
2026-04-25 21:04:56,470 [ERROR] ConfigurationRetriever:142 - IOException on connection: sw-center.st.com
2026-04-25 21:04:56,470 [ERROR] ConfigurationRetriever:142 - IOException on connection: sw-center.st.com
2026-04-25 21:04:56,472 [ERROR] ConfigurationRetriever:142 - IOException on connection: sw-center.st.com
2026-04-25 21:04:56,472 [ERROR] ConfigurationRetriever:142 - IOException on connection: sw-center.st.com
2026-04-25 21:04:56,473 [ERROR] ConfigurationRetriever:142 - IOException on connection: sw-center.st.com
2026-04-25 21:04:56,473 [ERROR] ConfigurationRetriever:142 - IOException on connection: sw-center.st.com
2026-04-25 21:04:56,478 [INFO] MainUpdater:2873 - connection check result : 22
2026-04-25 21:04:56,479 [INFO] MainUpdater:290 - Updater Check For Update Now.
2026-04-25 21:04:56,479 [INFO] MicroXplorer:498 - Change Database Version : DB.6.0.100
2026-04-25 21:04:56,493 [INFO] McuFinderGlobals:63 - Set McuFinder mode to 2 (CubeIDE integrated)
2026-04-25 21:04:56,494 [INFO] UserAuth:180 - activating auth plugin
2026-04-25 21:04:56,503 [INFO] UserAuth:404 - Internet connection configuration mode: 2
2026-04-25 21:04:56,570 [INFO] UserAuth:404 - Internet connection configuration mode: 2
2026-04-25 21:04:56,790 [INFO] CheckServerUpdateThread:120 - End of CheckServer Thread
2026-04-25 21:05:17,954 [ERROR] LogOutputStream:75 - [STDERR_REDIRECT] SLF4J: Failed to load class "org.slf4j.impl.StaticLoggerBinder".
2026-04-25 21:05:17,957 [ERROR] LogOutputStream:75 - [STDERR_REDIRECT] SLF4J: Defaulting to no-operation (NOP) logger implementation
2026-04-25 21:05:17,962 [ERROR] LogOutputStream:75 - [STDERR_REDIRECT] SLF4J: See http://www.slf4j.org/codes.html#StaticLoggerBinder for further details.
2026-04-25 21:45:41,541 [ERROR] ConfigurationRetriever:142 - IOException on connection: sw-center.st.com
2026-04-25 21:45:41,543 [ERROR] ConfigurationRetriever:142 - IOException on connection: sw-center.st.com
2026-04-25 21:45:41,544 [ERROR] ConfigurationRetriever:142 - IOException on connection: sw-center.st.com
2026-04-25 21:45:41,634 [ERROR] ConfigurationRetriever:142 - IOException on connection: sw-center.st.com
2026-04-25 21:45:41,636 [ERROR] ConfigurationRetriever:142 - IOException on connection: sw-center.st.com
2026-04-25 21:45:41,637 [ERROR] ConfigurationRetriever:142 - IOException on connection: sw-center.st.com
2026-04-25 22:07:14,196 [INFO] McuFinderGlobals:63 - Set McuFinder mode to 2 (CubeIDE integrated)
2026-04-25 22:07:25,304 [INFO] MainUpdater:2873 - connection check result : 22
2026-04-25 22:07:25,317 [INFO] MainUpdater:2873 - connection check result : 22
2026-04-25 22:07:33,897 [INFO] MicroXplorer:468 - Change Database Path : 
2026-04-25 22:07:33,899 [INFO] MicroXplorer:498 - Change Database Version : DB.6.0.100
2026-04-25 22:07:33,909 [WARN] ThirdParty:871 - waiting for thirdparty lock release [close project]
2026-04-25 22:07:33,909 [INFO] ThirdParty:873 - entering critical section [close project]
2026-04-25 22:07:33,927 [INFO] ThirdParty:883 - exiting critical section [close project]
2026-04-25 22:07:33,934 [INFO] PinOutPanel:1499 - setPackage(No Configuration,No Configuration)
2026-04-25 22:07:33,943 [INFO] UtilMem:75 - Begin LoadConfig() Used Memory: 187161160 Bytes (476053504)
2026-04-25 22:07:33,948 [INFO] MicroXplorer:468 - Change Database Path : 
2026-04-25 22:07:33,948 [INFO] MicroXplorer:498 - Change Database Version : DB.6.0.100
2026-04-25 22:07:33,949 [INFO] OpenFileManager:312 - Change cursor
2026-04-25 22:07:33,978 [WARN] IntegrityCheckThread:84 - waiting for thirdparty lock release [integrity check]
2026-04-25 22:07:33,978 [INFO] IntegrityCheckThread:86 - entering critical section [integrity check]
2026-04-25 22:07:34,301 [WARN] PackLoader:240 - Cannot read IP mode file for STMicroelectronics.X-CUBE-SMBUS.2.1.0
2026-04-25 22:07:34,329 [WARN] PackLoader:240 - Cannot read IP mode file for STMicroelectronics.FP-SNS-MOTENV1.4.3.2
2026-04-25 22:07:34,349 [WARN] PackLoader:240 - Cannot read IP mode file for STMicroelectronics.FP-SNS-FLIGHT1.5.0.2
2026-04-25 22:07:34,375 [WARN] PackLoader:240 - Cannot read IP mode file for STMicroelectronics.X-CUBE-DISPLAY.3.0.0
2026-04-25 22:07:34,406 [WARN] PackLoader:240 - Cannot read IP mode file for STMicroelectronics.X-CUBE-BLE1.7.0.0
2026-04-25 22:07:34,423 [WARN] PackLoader:240 - Cannot read IP mode file for STMicroelectronics.FP-SNS-SMARTAG2.1.2.0
2026-04-25 22:07:34,447 [WARN] PackLoader:240 - Cannot read IP mode file for STMicroelectronics.X-CUBE-BLE2.3.3.0
2026-04-25 22:07:34,468 [WARN] PackLoader:240 - Cannot read IP mode file for STMicroelectronics.X-CUBE-NFC4.3.0.0
2026-04-25 22:07:34,481 [WARN] PackLoader:240 - Cannot read IP mode file for STMicroelectronics.FP-ATR-SIGFOX1.3.2.0
2026-04-25 22:07:34,492 [WARN] PackLoader:240 - Cannot read IP mode file for STMicroelectronics.X-CUBE-GNSS1.6.0.0
2026-04-25 22:07:34,507 [WARN] PackLoader:240 - Cannot read IP mode file for STMicroelectronics.X-CUBE-NFC7.1.0.1
2026-04-25 22:07:34,519 [WARN] PackLoader:240 - Cannot read IP mode file for STMicroelectronics.X-CUBE-AI.8.1.0
2026-04-25 22:07:34,538 [WARN] PackLoader:240 - Cannot read IP mode file for STMicroelectronics.X-CUBE-SFXS2LP1.4.0.0
2026-04-25 22:07:34,579 [WARN] PackLoader:240 - Cannot read IP mode file for STMicroelectronics.X-CUBE-SUBG2.5.0.0
2026-04-25 22:07:34,704 [WARN] PackLoader:240 - Cannot read IP mode file for STMicroelectronics.X-CUBE-MEMS1.10.0.0
2026-04-25 22:07:34,981 [WARN] PackLoader:240 - Cannot read IP mode file for STMicroelectronics.X-CUBE-FREERTOS.1.1.0
2026-04-25 22:07:34,991 [WARN] PackLoader:240 - Cannot read IP mode file for STMicroelectronics.X-CUBE-ALS.1.0.1
2026-04-25 22:07:35,003 [WARN] PackLoader:240 - Cannot read IP mode file for STMicroelectronics.FP-ATR-ASTRA1.2.0.0
2026-04-25 22:07:35,004 [INFO] ThirdParty:978 - Integrity check success = true
2026-04-25 22:07:35,004 [INFO] IntegrityCheckThread:100 - exiting critical section [integrity check]
2026-04-25 22:07:35,004 [INFO] IntegrityCheckThread:103 - End integrity checks thread
2026-04-25 22:07:35,086 [INFO] Mcu:2016 - Initializing MCU STM32F407V(E-G)Tx STM32F407VGTx STM32F407VGT6
2026-04-25 22:07:39,250 [INFO] Context:659 - Trying to add GPIOservice into a context  which must be forbidden
2026-04-25 22:07:40,642 [WARN] ModelIntegratedComponent:63 - No mode defined for component null
2026-04-25 22:07:40,642 [WARN] ModelIntegratedComponent:63 - No mode defined for component null
2026-04-25 22:07:40,642 [WARN] ModelIntegratedComponent:63 - No mode defined for component null
2026-04-25 22:07:40,643 [WARN] ModelIntegratedComponent:63 - No mode defined for component null
2026-04-25 22:07:40,643 [WARN] ModelIntegratedComponent:63 - No mode defined for component null
2026-04-25 22:07:40,643 [WARN] ModelIntegratedComponent:63 - No mode defined for component null
2026-04-25 22:07:40,643 [WARN] ModelIntegratedComponent:63 - No mode defined for component null
2026-04-25 22:07:40,643 [WARN] ModelIntegratedComponent:63 - No mode defined for component null
2026-04-25 22:07:40,643 [WARN] ModelIntegratedComponent:63 - No mode defined for component null
2026-04-25 22:07:40,643 [WARN] ModelIntegratedComponent:63 - No mode defined for component null
2026-04-25 22:07:40,643 [WARN] ModelIntegratedComponent:63 - No mode defined for component null
2026-04-25 22:07:40,644 [WARN] ModelIntegratedComponent:63 - No mode defined for component null
2026-04-25 22:07:40,644 [WARN] ModelIntegratedComponent:63 - No mode defined for component null
2026-04-25 22:07:40,644 [WARN] ModelIntegratedComponent:63 - No mode defined for component null
2026-04-25 22:07:40,644 [WARN] ModelIntegratedComponent:63 - No mode defined for component null
2026-04-25 22:07:40,644 [WARN] ModelIntegratedComponent:63 - No mode defined for component null
2026-04-25 22:07:40,644 [WARN] ModelIntegratedComponent:63 - No mode defined for component null
2026-04-25 22:07:40,644 [WARN] ModelIntegratedComponent:63 - No mode defined for component null
2026-04-25 22:07:40,644 [WARN] ModelIntegratedComponent:63 - No mode defined for component null
2026-04-25 22:07:40,644 [WARN] ModelIntegratedComponent:63 - No mode defined for component null
2026-04-25 22:07:40,645 [WARN] ModelIntegratedComponent:63 - No mode defined for component null
2026-04-25 22:07:40,646 [WARN] ModelIntegratedComponent:63 - No mode defined for component null
2026-04-25 22:07:40,646 [WARN] ModelIntegratedComponent:63 - No mode defined for component null
2026-04-25 22:07:40,646 [WARN] ModelIntegratedComponent:63 - No mode defined for component null
2026-04-25 22:07:40,646 [WARN] ModelIntegratedComponent:63 - No mode defined for component null
2026-04-25 22:07:40,647 [WARN] ModelIntegratedComponent:63 - No mode defined for component null
2026-04-25 22:07:40,647 [WARN] ModelIntegratedComponent:63 - No mode defined for component null
2026-04-25 22:07:40,647 [WARN] ModelIntegratedComponent:63 - No mode defined for component null
2026-04-25 22:07:40,647 [WARN] ModelIntegratedComponent:63 - No mode defined for component null
2026-04-25 22:07:40,647 [WARN] ModelIntegratedComponent:63 - No mode defined for component null
2026-04-25 22:07:40,648 [WARN] ModelIntegratedComponent:63 - No mode defined for component null
2026-04-25 22:07:40,648 [WARN] ModelIntegratedComponent:63 - No mode defined for component null
2026-04-25 22:07:40,648 [WARN] ModelIntegratedComponent:63 - No mode defined for component null
2026-04-25 22:07:40,912 [INFO] RtosManager:555 - Registered RTOS mode: class=CMSIS, group=RTOS, mode=CMSIS_V1, owner=FREERTOS
2026-04-25 22:07:40,912 [INFO] RtosManager:555 - Registered RTOS mode: class=CMSIS, group=RTOS2, mode=CMSIS_V2, owner=FREERTOS
2026-04-25 22:07:40,913 [INFO] RtosManager:555 - Registered RTOS mode: class=RTOS, group=Core, mode=CMSIS_V1, owner=FREERTOS
2026-04-25 22:07:40,913 [INFO] RtosManager:555 - Registered RTOS mode: class=RTOS, group=Core, mode=CMSIS_V2, owner=FREERTOS
2026-04-25 22:07:40,914 [WARN] ModelIntegratedComponent:184 - Missing modes for component STMicroelectronics:FreeRTOS:0.0.1:STMicroelectronics:RTOS:FreeRTOS:Core:::10.2.0:
2026-04-25 22:07:40,965 [INFO] ThirdPartyModel:298 - Start build external matchings
2026-04-25 22:07:41,129 [INFO] ThirdPartyModel:316 - End build external matchings
2026-04-25 22:07:41,154 [INFO] ImportTextPane:194 - (OptionalMessage_ERROR) IP (RCC) : Parameter (RTCHSEDivFreq_Value) has invalid value (4000000)
2026-04-25 22:07:42,102 [INFO] UtilMem:75 - End LoadConfig() Used Memory: 229823912 Bytes (476053504)
2026-04-25 22:07:42,485 [INFO] ApiDb:581 - Connected to CubeFinder SQLite database (C:\Users\hop\.stmcufinder\plugins\mcufinder\mcu\cube-finder-db.db)
2026-04-25 22:07:42,683 [INFO] ApiDb:668 - CubeFinder database Data Model version=2.1
2026-04-25 22:07:42,683 [INFO] ApiDb:669 - CubeFinder database Configuration version=3.0.39
2026-04-25 22:07:42,685 [INFO] ApiDb:670 - CubeFinder database generation date=2024-03-01 (1709305525)
2026-04-25 22:07:42,685 [INFO] ApiDb:671 - CubeFinder database FW Pack versions=[FP-ATR-ASTRA1_V2.0.0, FP-SNS-FLIGHT1_V5.0.1, FP-SNS-FLIGHT1_V5.0.2, FP-SNS-MOTENV1_V4.3.1, FP-SNS-MOTENV1_V4.3.2, FP-SNS-MOTENVWB1_V1.3.1, FP-SNS-SMARTAG2_V1.2.0, STM32Cube_FW_C0_V1.1.0, STM32Cube_FW_F4_V1.28.0, STM32Cube_FW_F7_V1.17.0, STM32Cube_FW_G0_V1.6.2, STM32Cube_FW_G4_V1.5.2, STM32Cube_FW_H5_V0.5.1, STM32Cube_FW_H5_V1.1.1, STM32Cube_FW_H5_V1.2.0, STM32Cube_FW_H5_V1.2.0RC4, STM32Cube_FW_H7RS_V1.0.0, STM32Cube_FW_H7RS_V1.0.0RC4, STM32Cube_FW_H7_V1.11.0, STM32Cube_FW_L0_V1.12.2, STM32Cube_FW_L5_V1.5.1, STM32Cube_FW_U0_V1.0.0, STM32Cube_FW_U0_V1.0.0RC1, STM32Cube_FW_U5_V1.3.0RC4, STM32Cube_FW_U5_V1.5.0, STM32Cube_FW_U5_V1.5.0RC1, STM32Cube_FW_WBA_V1.0.0RC1, STM32Cube_FW_WBA_V1.2.0, STM32Cube_FW_WBA_V1.2.0RC2, STM32Cube_FW_WBA_V1.3.0, STM32Cube_FW_WBA_V1.3.0RC1, STM32Cube_FW_WB_V1.15.0RC1, STM32Cube_FW_WB_V1.16.0, STM32Cube_FW_WB_V1.16.0RC2, STM32Cube_FW_WB_V1.18.0, STM32Cube_FW_WB_V1.19.0, STM32Cube_FW_WL_V1.3.0, X-CUBE-ALGOBUILD_V1.3.0, X-CUBE-ALS_V1.0.1, X-CUBE-AZRTOS-F4_V1.1.0, X-CUBE-AZRTOS-F7_V1.1.0, X-CUBE-AZRTOS-G0_V1.1.0, X-CUBE-AZRTOS-G4_V2.0.0, X-CUBE-AZRTOS-H7_V3.2.0, X-CUBE-AZRTOS-L4_V1.0.0, X-CUBE-AZRTOS-L4_V2.0.0, X-CUBE-AZRTOS-L5_V1.1.0, X-CUBE-AZRTOS-WB_V2.0.0, X-CUBE-AZRTOS-WL_V2.0.0, X-CUBE-BLE1_V7.0.0, X-CUBE-BLE2_V3.3.0, X-CUBE-BLEMGR_V3.1.0, X-CUBE-EEPRMA1_V4.1.0, X-CUBE-EEPRMA1_V5.1.0, X-CUBE-FREERTOS_V1.1.0, X-CUBE-GNSS1_V6.0.0, X-CUBE-MEMS1_V10.0.0, X-CUBE-MEMS1_V9.1.0, X-CUBE-MEMS1_V9.4.0, X-CUBE-MEMS1_V9.6.0, X-CUBE-NFC4_V3.0.0, X-CUBE-NFC7_V1.0.1, X-CUBE-SFXS2LP1_V4.0.0, X-CUBE-SUBG2_V5.0.0, X-CUBE-TOF1_V3.4.0]
2026-04-25 22:07:46,391 [INFO] ApiDb:240 - Found 371 in-development CPN: [B-G473E-ZEST1S, B-WB1M-WPAN1, B-WL5M-SUBG1, NUCLEO-C031C6, NUCLEO-H503RB, NUCLEO-H563ZI, NUCLEO-U545RE-Q, NUCLEO-U5A5ZJ-Q, NUCLEO-WBA52CG, NUCLEO-WBA55CG, STEVAL-MKBOXPRO, STEVAL-PROTEUS1, STEVAL-STWINBX1, STM320518-EVAL, STM32C0116-DK, STM32C011D6Y3TR, STM32C011D6Y6TR, STM32C011F4P3, STM32C011F4P6, STM32C011F4U3, STM32C011F4U6TR, STM32C011F6P3, STM32C011F6P6, STM32C011F6U3, STM32C011F6U6TR, STM32C011J4M3, STM32C011J4M6, STM32C011J6M3, STM32C011J6M6, STM32C0316-DK, STM32C031C4T3, STM32C031C4T6, STM32C031C4U3, STM32C031C4U6, STM32C031C6T3, STM32C031C6T6, STM32C031C6U3, STM32C031C6U6, STM32C031F4P3, STM32C031F4P6, STM32C031F6P3, STM32C031F6P6, STM32C031G4U3, STM32C031G4U6, STM32C031G6U3, STM32C031G6U6, STM32C031K4T3, STM32C031K4T6, STM32C031K4U3, STM32C031K4U6, STM32C031K6T3, STM32C031K6T6, STM32C031K6U3, STM32C031K6U6, STM32G071K8TXN, STM32G071K8UXN, STM32G081GBU6N, STM32G081KBT6N, STM32G081KBUXN, STM32G0B1CCT6N, STM32G0B1KCT6, STM32G0B1NEY6TR, STM32G0B1RCT6N, STM32G0C1CCT6, STM32G0C1CCT6N, STM32G0C1CCU6N, STM32G0C1CET6N, STM32G0C1CEU6N, STM32G0C1KCT6, STM32G0C1NEY6TR, STM32G0C1RCI6N, STM32G0C1RCT6N, STM32G0C1REI6N, STM32G0C1RET6N, STM32G0C1VCI6, STM32G0C1VEI6, STM32G471CCT6, STM32G471CCU6, STM32G471CET3, STM32G471CET6, STM32G471CEU3, STM32G471CEU6, STM32G471MCT6, STM32G471MET3, STM32G471MET6, STM32G471MEY6TR, STM32G471QCT6, STM32G471QET3, STM32G471RCT6, STM32G471RET3, STM32G471RET6, STM32G471VCH6, STM32G471VCI6, STM32G471VCT6, STM32G471VEH3, STM32G471VEH6, STM32G471VEI3, STM32G471VEI6, STM32G471VET3, STM32G471VET6, STM32G474CCT6, STM32H503CBT6, STM32H503CBU6, STM32H503EBY6TR, STM32H503KBU6, STM32H503RBT6, STM32H562AGI6, STM32H562AII6, STM32H562IGK6, STM32H562IGT6, STM32H562IIK6, STM32H562IIT6, STM32H562RGT6, STM32H562RGV6, STM32H562RIT6, STM32H562RIV6, STM32H562VGT6, STM32H562VIT6, STM32H562ZGT6, STM32H562ZIT6, STM32H563AGI6, STM32H563AII3Q, STM32H563AII6, STM32H563IGK6, STM32H563IGT6, STM32H563IIK3Q, STM32H563IIK6, STM32H563IIT3Q, STM32H563IIT6, STM32H563MIY3QTR, STM32H563RGT6, STM32H563RGV6, STM32H563RIT6, STM32H563RIV6, STM32H563VGT6, STM32H563VIT3Q, STM32H563VIT6, STM32H563ZGT6, STM32H563ZIT3Q, STM32H563ZIT6, STM32H573AII3Q, STM32H573AII6, STM32H573I-DK, STM32H573IIK3Q, STM32H573IIK6, STM32H573IIT3Q, STM32H573IIT6, STM32H573MIY3QTR, STM32H573RIT6, STM32H573RIV6, STM32H573VIT3Q, STM32H573VIT6, STM32H573ZIT3Q, STM32H573ZIT6, STM32L4R5QGI6STR, STM32MP131AAE3, STM32MP131AAF3, STM32MP131AAG3, STM32MP131CAE3, STM32MP131CAF3, STM32MP131CAG3, STM32MP131DAE7, STM32MP131DAF7, STM32MP131DAG7, STM32MP131FAE7, STM32MP131FAF7, STM32MP131FAG7, STM32MP133AAE3, STM32MP133AAF3, STM32MP133AAG3, STM32MP133CAE3, STM32MP133CAF3, STM32MP133CAG3, STM32MP133DAE7, STM32MP133DAF7, STM32MP133DAG7, STM32MP133FAE7, STM32MP133FAF7, STM32MP133FAG7, STM32MP135AAE3, STM32MP135AAF3, STM32MP135AAG3, STM32MP135CAE3, STM32MP135CAF3, STM32MP135CAG3, STM32MP135DAE7, STM32MP135DAF7, STM32MP135DAG7, STM32MP135F-DK, STM32MP135FAE7, STM32MP135FAF7, STM32MP135FAF7T, STM32MP135FAF7U, STM32MP135FAG7, STM32U535CBT6, STM32U535CBT6Q, STM32U535CBU6, STM32U535CBU6Q, STM32U535CCT6, STM32U535CCT6Q, STM32U535CCU6, STM32U535CCU6Q, STM32U535CET6, STM32U535CET6Q, STM32U535CEU6, STM32U535CEU6Q, STM32U535JEY6QTR, STM32U535NCY6QTR, STM32U535NEY6QTR, STM32U535RBI6, STM32U535RBI6Q, STM32U535RBT6, STM32U535RBT6Q, STM32U535RCI6, STM32U535RCI6Q, STM32U535RCT6, STM32U535RCT6Q, STM32U535REI6, STM32U535REI6Q, STM32U535RET6, STM32U535RET6Q, STM32U535VCI6, STM32U535VCI6Q, STM32U535VCT6, STM32U535VCT6Q, STM32U535VEI6, STM32U535VEI6Q, STM32U535VET6, STM32U535VET6Q, STM32U545CET6, STM32U545CET6Q, STM32U545CEU6, STM32U545CEU6Q, STM32U545JEY6QTR, STM32U545NEY6QTR, STM32U545REI6, STM32U545REI6Q, STM32U545RET6, STM32U545RET6Q, STM32U545VEI6, STM32U545VEI6Q, STM32U545VET6, STM32U545VET6Q, STM32U595AIH6, STM32U595AIH6Q, STM32U595AJH6, STM32U595AJH6Q, STM32U595QII6, STM32U595QII6Q, STM32U595QJI6, STM32U595QJI6Q, STM32U595RIT6, STM32U595RIT6Q, STM32U595RJT6, STM32U595RJT6Q, STM32U595VIT6, STM32U595VIT6Q, STM32U595VJT6, STM32U595VJT6Q, STM32U595ZIT6, STM32U595ZIT6Q, STM32U595ZIY6QTR, STM32U595ZJT6, STM32U595ZJT6Q, STM32U595ZJY6QTR, STM32U599BJY6QTR, STM32U599NIH6Q, STM32U599NJH6Q, STM32U599VIT6Q, STM32U599VJT6, STM32U599VJT6Q, STM32U599ZIT6Q, STM32U599ZIY6QTR, STM32U599ZJT6Q, STM32U599ZJY6QTR, STM32U5A5AJH6, STM32U5A5AJH6Q, STM32U5A5QJI6, STM32U5A5QJI6Q, STM32U5A5RJT6, STM32U5A5RJT6Q, STM32U5A5VJT6, STM32U5A5VJT6Q, STM32U5A5ZJT6, STM32U5A5ZJT6Q, STM32U5A5ZJY6QTR, STM32U5A9BJY6QTR, STM32U5A9J-DK, STM32U5A9NJH6Q, STM32U5A9VJT6Q, STM32U5A9ZJT6Q, STM32U5A9ZJY6QTR, STM32U5F7VIT6, STM32U5F7VIT6Q, STM32U5F7VJT6, STM32U5F7VJT6Q, STM32U5F9BJY6QTR, STM32U5F9NJH6Q, STM32U5F9VIT6Q, STM32U5F9VJT6Q, STM32U5F9ZIJ6QTR, STM32U5F9ZIT6Q, STM32U5F9ZJJ6QTR, STM32U5F9ZJT6Q, STM32U5G7VJT6, STM32U5G7VJT6Q, STM32U5G9BJY6QTR, STM32U5G9J-DK1, STM32U5G9J-DK2, STM32U5G9NJH6Q, STM32U5G9VJT6Q, STM32U5G9ZJJ6QTR, STM32U5G9ZJT6Q, STM32WB1MMCH6, STM32WBA50KEU6, STM32WBA50KEU6TR, STM32WBA50KGU6, STM32WBA50KGU6TR, STM32WBA52CEU6, STM32WBA52CEU6TR, STM32WBA52CEU7, STM32WBA52CEU7TR, STM32WBA52CGU6, STM32WBA52CGU6TR, STM32WBA52CGU6U, STM32WBA52CGU7, STM32WBA52CGU7TR, STM32WBA52KEU6, STM32WBA52KEU6TR, STM32WBA52KGU6, STM32WBA52KGU6TR, STM32WBA54CEU6, STM32WBA54CEU6TR, STM32WBA54CEU7, STM32WBA54CEU7TR, STM32WBA54CGU6, STM32WBA54CGU6TR, STM32WBA54CGU7, STM32WBA54CGU7TR, STM32WBA54KEU6, STM32WBA54KEU6TR, STM32WBA54KEU7, STM32WBA54KEU7TR, STM32WBA54KGU6, STM32WBA54KGU6TR, STM32WBA54KGU7, STM32WBA54KGU7TR, STM32WBA55CEU6, STM32WBA55CEU6TR, STM32WBA55CEU7, STM32WBA55CEU7TR, STM32WBA55CGU6, STM32WBA55CGU6TR, STM32WBA55CGU6U, STM32WBA55CGU7, STM32WBA55CGU7TR, STM32WBA55G-DK1, STM32WBA55HEF6, STM32WBA55HEF7, STM32WBA55HGF6, STM32WBA55HGF7, STM32WBA55UEI6, STM32WBA55UEI6TR, STM32WBA55UEI7, STM32WBA55UEI7TR, STM32WBA55UGI6, STM32WBA55UGI6TR, STM32WBA55UGI7, STM32WBA55UGI7TR, STM32WL5MOCH6, STM32WL5MOCH6TR]
2026-04-25 22:07:46,400 [INFO] DbMcus:218 - Found 3986 MCUs, 3986 are supported
2026-04-25 22:07:46,402 [INFO] ApiDb:423 - Load user favorites file C:\Users\hop/.stm32cubeide/favorites.mcus.txt: 0 item(s)
2026-04-25 22:07:46,402 [INFO] ApiDb:427 - User favorites MCUs=[]
2026-04-25 22:07:46,403 [INFO] DbMcus:224 - Set 0 / 0 favorites MCUs
2026-04-25 22:07:47,367 [INFO] MicroXplorer:468 - Change Database Path : 
2026-04-25 22:07:47,368 [INFO] MicroXplorer:498 - Change Database Version : DB.6.0.100
2026-04-25 22:07:47,370 [WARN] ThirdParty:833 - waiting for thirdparty lock release [change project]
2026-04-25 22:07:47,370 [INFO] ThirdParty:835 - entering critical section [change project]
2026-04-25 22:07:47,371 [INFO] ThirdParty:1030 - CMSIS Pack Vendor :STMicroelectronics USBPD 4.1
2026-04-25 22:07:47,371 [INFO] ThirdParty:1030 - CMSIS Pack Vendor :STMicroelectronics X-CUBE-DISPLAY 3.0.0
2026-04-25 22:07:47,371 [INFO] ThirdParty:1030 - CMSIS Pack Vendor :STMicroelectronics X-CUBE-GNSS1 6.0.0
2026-04-25 22:07:47,371 [INFO] ThirdParty:1030 - CMSIS Pack Vendor :STMicroelectronics USB_HOST 2.0.0
2026-04-25 22:07:47,371 [INFO] ThirdParty:1030 - CMSIS Pack Vendor :STMicroelectronics LIBJPEG 8.0.0
2026-04-25 22:07:47,371 [INFO] ThirdParty:1030 - CMSIS Pack Vendor :STMicroelectronics X-CUBE-BLE1 7.0.0
2026-04-25 22:07:47,372 [INFO] ThirdParty:1030 - CMSIS Pack Vendor :STMicroelectronics FP-ATR-SIGFOX1 3.2.0
2026-04-25 22:07:47,372 [INFO] ThirdParty:1030 - CMSIS Pack Vendor :STMicroelectronics X-CUBE-SMBUS 2.1.0
2026-04-25 22:07:47,372 [INFO] ThirdParty:1030 - CMSIS Pack Vendor :STMicroelectronics USB_DEVICE 3.0.0
2026-04-25 22:07:47,372 [INFO] ThirdParty:1030 - CMSIS Pack Vendor :STMicroelectronics HAL Drivers 0.0.0
2026-04-25 22:07:47,372 [INFO] ThirdParty:1030 - CMSIS Pack Vendor :STMicroelectronics MBEDTLS 2.16.2
2026-04-25 22:07:47,372 [INFO] ThirdParty:1030 - CMSIS Pack Vendor :STMicroelectronics X-CUBE-MEMS1 10.0.0
2026-04-25 22:07:47,372 [INFO] ThirdParty:1030 - CMSIS Pack Vendor :STMicroelectronics X-CUBE-FREERTOS 1.1.0
2026-04-25 22:07:47,372 [INFO] ThirdParty:1030 - CMSIS Pack Vendor :STMicroelectronics X-CUBE-NFC7 1.0.1
2026-04-25 22:07:47,372 [INFO] ThirdParty:1030 - CMSIS Pack Vendor :STMicroelectronics MBEDTLS 2.14.1
2026-04-25 22:07:47,372 [INFO] ThirdParty:1030 - CMSIS Pack Vendor :STMicroelectronics X-CUBE-ALS 1.0.1
2026-04-25 22:07:47,372 [INFO] ThirdParty:1030 - CMSIS Pack Vendor :STMicroelectronics USB_DEVICE 2.0.0
2026-04-25 22:07:47,373 [INFO] ThirdParty:1030 - CMSIS Pack Vendor :STMicroelectronics ThreadX 1.0.0
2026-04-25 22:07:47,373 [INFO] ThirdParty:1030 - CMSIS Pack Vendor :STMicroelectronics FP-SNS-SMARTAG2 1.2.0
2026-04-25 22:07:47,373 [INFO] ThirdParty:1030 - CMSIS Pack Vendor :STMicroelectronics FP-SNS-MOTENV1 4.3.2
2026-04-25 22:07:47,373 [INFO] ThirdParty:1030 - CMSIS Pack Vendor :STMicroelectronics FreeRTOS 0.0.1
2026-04-25 22:07:47,373 [INFO] ThirdParty:1030 - CMSIS Pack Vendor :STMicroelectronics USB_DEVICE 1.0.0
2026-04-25 22:07:47,373 [INFO] ThirdParty:1030 - CMSIS Pack Vendor :STMicroelectronics X-CUBE-AI 8.1.0
2026-04-25 22:07:47,373 [INFO] ThirdParty:1030 - CMSIS Pack Vendor :STMicroelectronics X-CUBE-NFC4 3.0.0
2026-04-25 22:07:47,373 [INFO] ThirdParty:1030 - CMSIS Pack Vendor :STMicroelectronics X-CUBE-SUBG2 5.0.0
2026-04-25 22:07:47,373 [INFO] ThirdParty:1030 - CMSIS Pack Vendor :STMicroelectronics STM32_WPAN 1.0.0
2026-04-25 22:07:47,373 [INFO] ThirdParty:1030 - CMSIS Pack Vendor :STMicroelectronics ThreadX 0.0.2
2026-04-25 22:07:47,373 [INFO] ThirdParty:1030 - CMSIS Pack Vendor :STMicroelectronics FP-ATR-ASTRA1 2.0.0
2026-04-25 22:07:47,373 [INFO] ThirdParty:1030 - CMSIS Pack Vendor :STMicroelectronics lwIP 2.0.3
2026-04-25 22:07:47,374 [INFO] ThirdParty:1030 - CMSIS Pack Vendor :STMicroelectronics lwIP 2.1.2
2026-04-25 22:07:47,374 [INFO] ThirdParty:1030 - CMSIS Pack Vendor :STMicroelectronics X-CUBE-SFXS2LP1 4.0.0
2026-04-25 22:07:47,374 [INFO] ThirdParty:1030 - CMSIS Pack Vendor :STMicroelectronics FP-SNS-FLIGHT1 5.0.2
2026-04-25 22:07:47,374 [INFO] ThirdParty:1030 - CMSIS Pack Vendor :STMicroelectronics X-CUBE-BLE2 3.3.0
2026-04-25 22:07:47,374 [INFO] ThirdParty:1030 - CMSIS Pack Vendor :STMicroelectronics USB_HOST 1.0.0
2026-04-25 22:07:47,374 [INFO] ThirdParty:1030 - CMSIS Pack Vendor :STMicroelectronics PDM2PCM 3.1.0
2026-04-25 22:07:47,374 [INFO] ThirdParty:1030 - CMSIS Pack Vendor :STMicroelectronics PDM2PCM 3.2.0
2026-04-25 22:07:47,374 [INFO] ThirdParty:1030 - CMSIS Pack Vendor :STMicroelectronics PDM2PCM 3.3.0
2026-04-25 22:07:47,374 [INFO] ThirdParty:841 - exiting critical section [change project]
2026-04-25 22:07:48,595 [INFO] PinOutPanel:1499 - setPackage(No Configuration,No Configuration)
2026-04-25 22:07:48,600 [INFO] PinOutPanel:1499 - setPackage(STM32F407VGTx,LQFP100)
2026-04-25 22:07:50,207 [INFO] UtilMem:75 - Before build in PCC Used Memory: 312673408 Bytes (476053504)
2026-04-25 22:07:52,094 [INFO] UtilMem:75 - After build in PCC Used Memory: 391899736 Bytes (476053504)
2026-04-25 22:07:52,308 [INFO] ApiDbMcu:508 - Load IP Config File for USB_HOST
2026-04-25 22:07:52,309 [INFO] Middleware:617 - instanceName : USB_HOST bspName : Drive_VBUS_FS check condition success for : SW_VBUS_DRIVE_AUDIO_FS = false
2026-04-25 22:07:52,310 [INFO] Middleware:617 - instanceName : USB_HOST bspName : Drive_VBUS_FS check condition success for : SW_VBUS_DRIVE_AUDIO_FS = false
2026-04-25 22:07:52,310 [INFO] Middleware:617 - instanceName : USB_HOST bspName : Drive_VBUS_HS check condition success for : SW_VBUS_DRIVE_AUDIO_HS = false
2026-04-25 22:07:52,310 [INFO] Middleware:617 - instanceName : USB_HOST bspName : Drive_VBUS_HS check condition success for : SW_VBUS_DRIVE_AUDIO_HS = false
2026-04-25 22:07:52,311 [INFO] Middleware:617 - instanceName : USB_HOST bspName : Drive_VBUS_FS check condition success for : SW_VBUS_DRIVE_CDC_FS = false
2026-04-25 22:07:52,311 [INFO] Middleware:617 - instanceName : USB_HOST bspName : Drive_VBUS_FS check condition success for : SW_VBUS_DRIVE_CDC_FS = false
2026-04-25 22:07:52,311 [INFO] Middleware:617 - instanceName : USB_HOST bspName : Drive_VBUS_FS check condition success for : SW_VBUS_DRIVE_CDC_FS = false
2026-04-25 22:07:52,311 [INFO] Middleware:617 - instanceName : USB_HOST bspName : Drive_VBUS_HS check condition success for : SW_VBUS_DRIVE_CDC_HS = false
2026-04-25 22:07:52,311 [INFO] Middleware:617 - instanceName : USB_HOST bspName : Drive_VBUS_HS check condition success for : SW_VBUS_DRIVE_CDC_HS = false
2026-04-25 22:07:52,311 [INFO] Middleware:617 - instanceName : USB_HOST bspName : Drive_VBUS_FS check condition success for : SW_VBUS_DRIVE_HID_FS = false
2026-04-25 22:07:52,312 [INFO] Middleware:617 - instanceName : USB_HOST bspName : Drive_VBUS_FS check condition success for : SW_VBUS_DRIVE_HID_FS = false
2026-04-25 22:07:52,312 [INFO] Middleware:617 - instanceName : USB_HOST bspName : Drive_VBUS_HS check condition success for : SW_VBUS_DRIVE_HID_HS = false
2026-04-25 22:07:52,312 [INFO] Middleware:617 - instanceName : USB_HOST bspName : Drive_VBUS_HS check condition success for : SW_VBUS_DRIVE_HID_HS = false
2026-04-25 22:07:52,312 [INFO] Middleware:617 - instanceName : USB_HOST bspName : Drive_VBUS_FS check condition success for : SW_VBUS_DRIVE_MSC_FS = false
2026-04-25 22:07:52,312 [INFO] Middleware:617 - instanceName : USB_HOST bspName : Drive_VBUS_FS check condition success for : SW_VBUS_DRIVE_MSC_FS = false
2026-04-25 22:07:52,313 [INFO] Middleware:617 - instanceName : USB_HOST bspName : Drive_VBUS_HS check condition success for : SW_VBUS_DRIVE_MSC_HS = false
2026-04-25 22:07:52,313 [INFO] Middleware:617 - instanceName : USB_HOST bspName : Drive_VBUS_HS check condition success for : SW_VBUS_DRIVE_MSC_HS = false
2026-04-25 22:07:52,313 [INFO] Middleware:617 - instanceName : USB_HOST bspName : Drive_VBUS_FS check condition success for : ALL_SW_VBUS_DRIVE_FS = false
2026-04-25 22:07:52,313 [INFO] Middleware:617 - instanceName : USB_HOST bspName : Drive_VBUS_FS check condition success for : ALL_SW_VBUS_DRIVE_FS = false
2026-04-25 22:07:52,313 [INFO] Middleware:617 - instanceName : USB_HOST bspName : Drive_VBUS_HS check condition success for : ALL_SW_VBUS_DRIVE_HS = false
2026-04-25 22:07:52,314 [INFO] Middleware:617 - instanceName : USB_HOST bspName : Drive_VBUS_HS check condition success for : ALL_SW_VBUS_DRIVE_HS = false
2026-04-25 22:07:52,314 [INFO] Middleware:617 - instanceName : USB_HOST bspName : Drive_VBUS_FS check condition success for : SW_VBUS_DRIVE_MTP_FS = false
2026-04-25 22:07:52,314 [INFO] Middleware:617 - instanceName : USB_HOST bspName : Drive_VBUS_FS check condition success for : SW_VBUS_DRIVE_MTP_FS = false
2026-04-25 22:07:52,314 [INFO] Middleware:617 - instanceName : USB_HOST bspName : Drive_VBUS_HS check condition success for : SW_VBUS_DRIVE_MTP_HS = false
2026-04-25 22:07:52,314 [INFO] Middleware:617 - instanceName : USB_HOST bspName : Drive_VBUS_HS check condition success for : SW_VBUS_DRIVE_MTP_HS = false
2026-04-25 22:07:52,317 [WARN] BspModel:444 - BSP dependency skipped because of component: name='IOExpander', api='Unknown'
2026-04-25 22:07:52,457 [INFO] IPUIPlugin:80 - create IPUIPlugin
2026-04-25 22:07:52,457 [INFO] IPUIPlugin:80 - create IPUIPlugin
2026-04-25 22:07:52,458 [INFO] IPUIPlugin:80 - create IPUIPlugin
2026-04-25 22:07:52,458 [INFO] IPUIPlugin:80 - create IPUIPlugin
2026-04-25 22:07:52,458 [INFO] IPUIPlugin:80 - create IPUIPlugin
2026-04-25 22:07:52,459 [INFO] IPUIPlugin:80 - create IPUIPlugin
2026-04-25 22:07:52,460 [INFO] IPUIPlugin:80 - create IPUIPlugin
2026-04-25 22:07:52,461 [INFO] IPUIPlugin:80 - create IPUIPlugin
2026-04-25 22:07:52,461 [INFO] IPUIPlugin:80 - create IPUIPlugin
2026-04-25 22:07:52,462 [INFO] IPUIPlugin:80 - create IPUIPlugin
2026-04-25 22:07:52,463 [INFO] IPUIPlugin:80 - create IPUIPlugin
2026-04-25 22:07:52,464 [INFO] IPUIPlugin:80 - create IPUIPlugin
2026-04-25 22:07:52,464 [INFO] IPUIPlugin:80 - create IPUIPlugin
2026-04-25 22:07:52,464 [INFO] IPUIPlugin:80 - create IPUIPlugin
2026-04-25 22:07:52,499 [INFO] IPUIPlugin:80 - create IPUIPlugin
2026-04-25 22:07:52,501 [INFO] IPUIPlugin:80 - create IPUIPlugin
2026-04-25 22:07:52,502 [INFO] IPUIPlugin:80 - create IPUIPlugin
2026-04-25 22:07:52,502 [INFO] IPUIPlugin:80 - create IPUIPlugin
2026-04-25 22:07:52,502 [INFO] IPUIPlugin:80 - create IPUIPlugin
2026-04-25 22:07:52,503 [INFO] IPUIPlugin:80 - create IPUIPlugin
2026-04-25 22:07:52,503 [INFO] IPUIPlugin:80 - create IPUIPlugin
2026-04-25 22:07:52,504 [INFO] IPUIPlugin:80 - create IPUIPlugin
2026-04-25 22:07:52,504 [INFO] IPUIPlugin:80 - create IPUIPlugin
2026-04-25 22:07:52,505 [INFO] IPUIPlugin:80 - create IPUIPlugin
2026-04-25 22:07:52,505 [INFO] IPUIPlugin:80 - create IPUIPlugin
2026-04-25 22:07:52,506 [INFO] IPUIPlugin:80 - create IPUIPlugin
2026-04-25 22:07:52,506 [INFO] IPUIPlugin:80 - create IPUIPlugin
2026-04-25 22:07:52,506 [INFO] IPUIPlugin:80 - create IPUIPlugin
2026-04-25 22:07:52,507 [INFO] IPUIPlugin:80 - create IPUIPlugin
2026-04-25 22:07:52,507 [INFO] IPUIPlugin:80 - create IPUIPlugin
2026-04-25 22:07:52,507 [INFO] IPUIPlugin:80 - create IPUIPlugin
2026-04-25 22:07:52,508 [INFO] IPUIPlugin:80 - create IPUIPlugin
2026-04-25 22:07:52,508 [INFO] IPUIPlugin:80 - create IPUIPlugin
2026-04-25 22:07:52,509 [INFO] IPUIPlugin:80 - create IPUIPlugin
2026-04-25 22:07:52,509 [INFO] IPUIPlugin:80 - create IPUIPlugin
2026-04-25 22:07:52,511 [INFO] IPUIPlugin:80 - create IPUIPlugin
2026-04-25 22:07:52,511 [INFO] IPUIPlugin:80 - create IPUIPlugin
2026-04-25 22:07:52,512 [INFO] IPUIPlugin:80 - create IPUIPlugin
2026-04-25 22:07:52,512 [INFO] IPUIPlugin:80 - create IPUIPlugin
2026-04-25 22:07:52,513 [INFO] IPUIPlugin:80 - create IPUIPlugin
2026-04-25 22:07:52,513 [INFO] IPUIPlugin:80 - create IPUIPlugin
2026-04-25 22:07:52,514 [INFO] IPUIPlugin:80 - create IPUIPlugin
2026-04-25 22:07:52,514 [INFO] IPUIPlugin:80 - create IPUIPlugin
2026-04-25 22:07:52,515 [INFO] IPUIPlugin:80 - create IPUIPlugin
2026-04-25 22:07:52,515 [INFO] IPUIPlugin:80 - create IPUIPlugin
2026-04-25 22:07:52,516 [INFO] IPUIPlugin:80 - create IPUIPlugin
2026-04-25 22:07:52,517 [INFO] IPUIPlugin:80 - create IPUIPlugin
2026-04-25 22:07:52,517 [INFO] IPUIPlugin:80 - create IPUIPlugin
2026-04-25 22:07:52,518 [INFO] IPUIPlugin:80 - create IPUIPlugin
2026-04-25 22:07:52,521 [INFO] IPUIPlugin:80 - create IPUIPlugin
2026-04-25 22:07:52,522 [INFO] IPUIPlugin:80 - create IPUIPlugin
2026-04-25 22:07:52,523 [INFO] IPUIPlugin:80 - create IPUIPlugin
2026-04-25 22:07:52,525 [INFO] IPUIPlugin:80 - create IPUIPlugin
2026-04-25 22:07:52,525 [INFO] IPUIPlugin:80 - create IPUIPlugin
2026-04-25 22:07:52,527 [INFO] IPUIPlugin:80 - create IPUIPlugin
2026-04-25 22:07:52,535 [INFO] IPUIPlugin:80 - create IPUIPlugin
2026-04-25 22:07:52,536 [INFO] IPUIPlugin:80 - create IPUIPlugin
2026-04-25 22:07:52,536 [INFO] IPUIPlugin:80 - create IPUIPlugin
2026-04-25 22:07:52,568 [INFO] ApiDbMcu:508 - Load IP Config File for PDM2PCM
2026-04-25 22:07:52,583 [WARN] IP:2119 - I2C_Coeff_DF not found: check if there is a RefParameter without a condition.
2026-04-25 22:07:52,583 [WARN] IP:2119 - Analog_Filter not found: check if there is a RefParameter without a condition.
2026-04-25 22:07:52,614 [INFO] I2sManager:658 - 9.6E7
2026-04-25 22:07:52,616 [INFO] I2sManager:195 - I2S Clock Value : 9.6E7
2026-04-25 22:07:52,620 [INFO] I2sManager:553 - AudioClock : 93750Divider : 2Odd : 0
2026-04-25 22:07:53,180 [INFO] CADModel:165 - CPN selected for project levelSTM32F407VGT6
2026-04-25 22:07:53,180 [INFO] CADModel:114 - Register for checkConnection events
2026-04-25 22:07:53,257 [INFO] OpenFileManager:343 - Restore cursor
2026-04-25 22:07:53,480 [WARN] IP:2119 - I2C_Coeff_DF not found: check if there is a RefParameter without a condition.
2026-04-25 22:07:53,482 [WARN] IP:2119 - Analog_Filter not found: check if there is a RefParameter without a condition.
2026-04-25 22:07:53,485 [WARN] IP:2119 - I2C_Coeff_DF not found: check if there is a RefParameter without a condition.
2026-04-25 22:07:53,486 [WARN] IP:2119 - Analog_Filter not found: check if there is a RefParameter without a condition.
2026-04-25 22:07:53,535 [INFO] Middleware:617 - instanceName : USB_HOST bspName : Drive_VBUS_FS check condition success for : SW_VBUS_DRIVE_AUDIO_FS = false
2026-04-25 22:07:53,535 [INFO] Middleware:617 - instanceName : USB_HOST bspName : Drive_VBUS_FS check condition success for : SW_VBUS_DRIVE_AUDIO_FS = false
2026-04-25 22:07:53,535 [INFO] Middleware:617 - instanceName : USB_HOST bspName : Drive_VBUS_HS check condition success for : SW_VBUS_DRIVE_AUDIO_HS = false
2026-04-25 22:07:53,535 [INFO] Middleware:617 - instanceName : USB_HOST bspName : Drive_VBUS_HS check condition success for : SW_VBUS_DRIVE_AUDIO_HS = false
2026-04-25 22:07:53,535 [INFO] Middleware:617 - instanceName : USB_HOST bspName : Drive_VBUS_FS check condition success for : SW_VBUS_DRIVE_CDC_FS = false
2026-04-25 22:07:53,536 [INFO] Middleware:617 - instanceName : USB_HOST bspName : Drive_VBUS_FS check condition success for : SW_VBUS_DRIVE_CDC_FS = false
2026-04-25 22:07:53,536 [INFO] Middleware:617 - instanceName : USB_HOST bspName : Drive_VBUS_FS check condition success for : SW_VBUS_DRIVE_CDC_FS = false
2026-04-25 22:07:53,536 [INFO] Middleware:617 - instanceName : USB_HOST bspName : Drive_VBUS_HS check condition success for : SW_VBUS_DRIVE_CDC_HS = false
2026-04-25 22:07:53,536 [INFO] Middleware:617 - instanceName : USB_HOST bspName : Drive_VBUS_HS check condition success for : SW_VBUS_DRIVE_CDC_HS = false
2026-04-25 22:07:53,536 [INFO] Middleware:617 - instanceName : USB_HOST bspName : Drive_VBUS_FS check condition success for : SW_VBUS_DRIVE_HID_FS = false
2026-04-25 22:07:53,536 [INFO] Middleware:617 - instanceName : USB_HOST bspName : Drive_VBUS_FS check condition success for : SW_VBUS_DRIVE_HID_FS = false
2026-04-25 22:07:53,536 [INFO] Middleware:617 - instanceName : USB_HOST bspName : Drive_VBUS_HS check condition success for : SW_VBUS_DRIVE_HID_HS = false
2026-04-25 22:07:53,536 [INFO] Middleware:617 - instanceName : USB_HOST bspName : Drive_VBUS_HS check condition success for : SW_VBUS_DRIVE_HID_HS = false
2026-04-25 22:07:53,537 [INFO] Middleware:617 - instanceName : USB_HOST bspName : Drive_VBUS_FS check condition success for : SW_VBUS_DRIVE_MSC_FS = false
2026-04-25 22:07:53,537 [INFO] Middleware:617 - instanceName : USB_HOST bspName : Drive_VBUS_FS check condition success for : SW_VBUS_DRIVE_MSC_FS = false
2026-04-25 22:07:53,537 [INFO] Middleware:617 - instanceName : USB_HOST bspName : Drive_VBUS_HS check condition success for : SW_VBUS_DRIVE_MSC_HS = false
2026-04-25 22:07:53,537 [INFO] Middleware:617 - instanceName : USB_HOST bspName : Drive_VBUS_HS check condition success for : SW_VBUS_DRIVE_MSC_HS = false
2026-04-25 22:07:53,537 [INFO] Middleware:617 - instanceName : USB_HOST bspName : Drive_VBUS_FS check condition success for : ALL_SW_VBUS_DRIVE_FS = false
2026-04-25 22:07:53,537 [INFO] Middleware:617 - instanceName : USB_HOST bspName : Drive_VBUS_FS check condition success for : ALL_SW_VBUS_DRIVE_FS = false
2026-04-25 22:07:53,537 [INFO] Middleware:617 - instanceName : USB_HOST bspName : Drive_VBUS_HS check condition success for : ALL_SW_VBUS_DRIVE_HS = false
2026-04-25 22:07:53,537 [INFO] Middleware:617 - instanceName : USB_HOST bspName : Drive_VBUS_HS check condition success for : ALL_SW_VBUS_DRIVE_HS = false
2026-04-25 22:07:53,538 [INFO] Middleware:617 - instanceName : USB_HOST bspName : Drive_VBUS_FS check condition success for : SW_VBUS_DRIVE_MTP_FS = false
2026-04-25 22:07:53,538 [INFO] Middleware:617 - instanceName : USB_HOST bspName : Drive_VBUS_FS check condition success for : SW_VBUS_DRIVE_MTP_FS = false
2026-04-25 22:07:53,538 [INFO] Middleware:617 - instanceName : USB_HOST bspName : Drive_VBUS_HS check condition success for : SW_VBUS_DRIVE_MTP_HS = false
2026-04-25 22:07:53,538 [INFO] Middleware:617 - instanceName : USB_HOST bspName : Drive_VBUS_HS check condition success for : SW_VBUS_DRIVE_MTP_HS = false
2026-04-25 22:15:34,978 [ERROR] ConfigurationRetriever:142 - IOException on connection: sw-center.st.com
2026-04-25 22:15:34,979 [ERROR] ConfigurationRetriever:142 - IOException on connection: sw-center.st.com
2026-04-25 22:15:34,980 [ERROR] ConfigurationRetriever:142 - IOException on connection: sw-center.st.com
2026-04-25 23:54:29,513 [ERROR] ConfigurationRetriever:142 - IOException on connection: Connection reset
2026-04-25 23:54:30,248 [ERROR] ConfigurationRetriever:142 - IOException on connection: Connection reset
2026-04-25 23:54:31,000 [ERROR] ConfigurationRetriever:142 - IOException on connection: Connection reset
2026-04-25 23:54:33,664 [ERROR] LogOutputStream:75 - [STDERR_REDIRECT] 
