2026-04-24 18:42:24,978 [INFO] Activator:176 - 


2026-04-24 18:42:24,995 [INFO] Activator:177 - !SESSION log4j initialized
2026-04-24 18:42:48,266 [INFO] LogOutputStream:77 - [STDOUT_REDIRECT] 
2026-04-24 18:42:51,101 [ERROR] ConfigurationRetriever:142 - IOException on connection: Connection reset
2026-04-24 18:42:51,685 [INFO] ApplicationProperties:184 - Using Application install path: C:\ST\STM32CubeIDE_1.14.0\STM32CubeIDE\plugins\com.st.stm32cube.common.mx_6.10.0.202311202037
2026-04-24 18:42:51,719 [INFO] DbMcusXml:78 - Set database path to: C:\ST\STM32CubeIDE_1.14.0\STM32CubeIDE\plugins\com.st.stm32cube.common.mx_6.10.0.202311202037\\db\/mcu/
2026-04-24 18:42:51,721 [INFO] ApiDb:274 - Set plugin database path to: C:\ST\STM32CubeIDE_1.14.0\STM32CubeIDE\plugins\com.st.stm32cube.common.mx_6.10.0.202311202037\\db\/plugins/boardmanager/
2026-04-24 18:42:51,721 [WARN] ApiDb:259 - Overriding images path with different value:  => C:\ST\STM32CubeIDE_1.14.0\STM32CubeIDE\plugins\com.st.stm32cube.common.mx_6.10.0.202311202037\\db\/plugins/mcufinder/images/
2026-04-24 18:42:51,737 [INFO] ApiDb:250 - Set database path to: C:\Users\hop\.stmcufinder\plugins\mcufinder//mcu/
2026-04-24 18:42:51,739 [INFO] DbMcusAds:125 - Set database path to: C:\Users\hop\.stmcufinder\plugins\mcufinder//mcu/
2026-04-24 18:42:51,743 [INFO] CrossReferenceDbSqlite:203 - Set database path to: C:\Users\hop\.stmcufinder\plugins\mcufinder//mcu/cs/
2026-04-24 18:42:51,861 [ERROR] ConfigurationRetriever:142 - IOException on connection: Connection reset
2026-04-24 18:42:51,989 [INFO] RulesReader:64 - Compatibility file has been processed (297 Rules)
2026-04-24 18:42:52,160 [INFO] DbMcusXml:78 - Set database path to: C:\ST\STM32CubeIDE_1.14.0\STM32CubeIDE\plugins\com.st.stm32cube.common.mx_6.10.0.202311202037\\db\/mcu/
2026-04-24 18:42:52,160 [INFO] ApiDb:274 - Set plugin database path to: C:\ST\STM32CubeIDE_1.14.0\STM32CubeIDE\plugins\com.st.stm32cube.common.mx_6.10.0.202311202037\\db\/plugins/boardmanager/
2026-04-24 18:42:52,161 [INFO] ApiDb:261 - Set plugin images path to: C:\ST\STM32CubeIDE_1.14.0\STM32CubeIDE\plugins\com.st.stm32cube.common.mx_6.10.0.202311202037\\db\/plugins/mcufinder/images/
2026-04-24 18:42:52,161 [WARN] DbFile:41 - Overriding database path with different value: C:\Users\hop\.stmcufinder\plugins\mcufinder/ => C:\Users\hop\.stmcufinder\plugins\mcufinder
2026-04-24 18:42:52,161 [INFO] ApiDb:250 - Set database path to: C:\Users\hop\.stmcufinder\plugins\mcufinder//mcu/
2026-04-24 18:42:52,162 [WARN] DbFile:41 - Overriding database path with different value: C:\Users\hop\.stmcufinder\plugins\mcufinder/ => C:\Users\hop\.stmcufinder\plugins\mcufinder
2026-04-24 18:42:52,162 [INFO] DbMcusAds:125 - Set database path to: C:\Users\hop\.stmcufinder\plugins\mcufinder//mcu/
2026-04-24 18:42:52,162 [WARN] DbFile:41 - Overriding database path with different value: C:\Users\hop\.stmcufinder\plugins\mcufinder/ => C:\Users\hop\.stmcufinder\plugins\mcufinder
2026-04-24 18:42:52,162 [WARN] DbFile:41 - Overriding database path with different value: C:\Users\hop\.stmcufinder\plugins\mcufinder/ => C:\Users\hop\.stmcufinder\plugins\mcufinder
2026-04-24 18:42:52,162 [INFO] CrossReferenceDbSqlite:203 - Set database path to: C:\Users\hop\.stmcufinder\plugins\mcufinder//mcu/cs/
2026-04-24 18:42:52,319 [INFO] MainPanel:264 - HeapMemory: 268435456
2026-04-24 18:42:52,492 [INFO] DbMcusXml:78 - Set database path to: C:\ST\STM32CubeIDE_1.14.0\STM32CubeIDE\plugins\com.st.stm32cube.common.mx_6.10.0.202311202037\\db\/mcu/
2026-04-24 18:42:52,493 [INFO] ApiDb:274 - Set plugin database path to: C:\ST\STM32CubeIDE_1.14.0\STM32CubeIDE\plugins\com.st.stm32cube.common.mx_6.10.0.202311202037\\db\/plugins/boardmanager/
2026-04-24 18:42:52,494 [INFO] ApiDb:261 - Set plugin images path to: C:\ST\STM32CubeIDE_1.14.0\STM32CubeIDE\plugins\com.st.stm32cube.common.mx_6.10.0.202311202037\\db\/plugins/mcufinder/images/
2026-04-24 18:42:52,496 [WARN] DbFile:41 - Overriding database path with different value: C:\Users\hop\.stmcufinder\plugins\mcufinder/ => C:\Users\hop\.stmcufinder\plugins\mcufinder
2026-04-24 18:42:52,496 [INFO] ApiDb:250 - Set database path to: C:\Users\hop\.stmcufinder\plugins\mcufinder//mcu/
2026-04-24 18:42:52,497 [WARN] DbFile:41 - Overriding database path with different value: C:\Users\hop\.stmcufinder\plugins\mcufinder/ => C:\Users\hop\.stmcufinder\plugins\mcufinder
2026-04-24 18:42:52,497 [INFO] DbMcusAds:125 - Set database path to: C:\Users\hop\.stmcufinder\plugins\mcufinder//mcu/
2026-04-24 18:42:52,497 [WARN] DbFile:41 - Overriding database path with different value: C:\Users\hop\.stmcufinder\plugins\mcufinder/ => C:\Users\hop\.stmcufinder\plugins\mcufinder
2026-04-24 18:42:52,497 [WARN] DbFile:41 - Overriding database path with different value: C:\Users\hop\.stmcufinder\plugins\mcufinder/ => C:\Users\hop\.stmcufinder\plugins\mcufinder
2026-04-24 18:42:52,497 [INFO] CrossReferenceDbSqlite:203 - Set database path to: C:\Users\hop\.stmcufinder\plugins\mcufinder//mcu/cs/
2026-04-24 18:42:52,536 [INFO] ApplicationProperties:184 - Using Application install path: C:\ST\STM32CubeIDE_1.14.0\STM32CubeIDE\plugins\com.st.stm32cube.common.mx_6.10.0.202311202037
2026-04-24 18:42:52,539 [INFO] PluginManage:196 - Search for loadable plugins [exclusion list=, ]
2026-04-24 18:42:52,543 [INFO] PluginManage:310 - Check plugin analytics
2026-04-24 18:42:52,634 [ERROR] ConfigurationRetriever:142 - IOException on connection: Connection reset
2026-04-24 18:42:52,926 [INFO] AnalyticsPlugin:253 - Accepted Software Licenses: STM32CubeMX.6.11.0
2026-04-24 18:42:52,926 [INFO] AnalyticsPlugin:255 - Accepted CMSIS Pack Licenses: 
2026-04-24 18:42:52,927 [INFO] AnalyticsPlugin:257 - Accepted Firmware Licenses: FW.F4.1.28.0
2026-04-24 18:42:52,937 [INFO] PluginManage:359 - Loaded plugin analytics (category:tool,tabindex:-1)
2026-04-24 18:42:52,938 [INFO] PluginManage:310 - Check plugin cadmodel
2026-04-24 18:42:52,955 [INFO] CADModel:105 - Init CAD model plugin
2026-04-24 18:42:52,955 [INFO] PluginManage:359 - Loaded plugin cadmodel (category:power,tabindex:5)
2026-04-24 18:42:52,955 [INFO] PluginManage:310 - Check plugin clock
2026-04-24 18:42:52,984 [INFO] PluginManage:359 - Loaded plugin clock (category:base,tabindex:2)
2026-04-24 18:42:52,985 [INFO] PluginManage:310 - Check plugin ddr
2026-04-24 18:42:52,990 [INFO] PluginManage:359 - Loaded plugin ddr (category:tool,tabindex:6)
2026-04-24 18:42:52,991 [INFO] PluginManage:310 - Check plugin filemanager
2026-04-24 18:42:53,294 [INFO] PluginManage:359 - Loaded plugin filemanager (category:base,tabindex:10)
2026-04-24 18:42:53,295 [INFO] PluginManage:310 - Check plugin ipmanager
2026-04-24 18:42:53,308 [INFO] PluginManage:359 - Loaded plugin ipmanager (category:base,tabindex:5)
2026-04-24 18:42:53,309 [INFO] PluginManage:310 - Check plugin lpbam
2026-04-24 18:42:53,331 [INFO] PluginManage:359 - Loaded plugin lpbam (category:base,tabindex:0)
2026-04-24 18:42:53,331 [INFO] PluginManage:310 - Check plugin memorymap
2026-04-24 18:42:53,363 [INFO] PluginManage:359 - Loaded plugin memorymap (category:base,tabindex:4)
2026-04-24 18:42:53,363 [INFO] PluginManage:310 - Check plugin pinoutandconfiguration
2026-04-24 18:42:53,382 [INFO] PluginManage:359 - Loaded plugin pinoutandconfiguration (category:base,tabindex:1)
2026-04-24 18:42:53,383 [INFO] PluginManage:310 - Check plugin pinoutconfig
2026-04-24 18:42:53,589 [WARN] SupportedApi:132 - Cannot load RTOS API schema: s4s-elt-must-match.1: The content of 'definitions' must match (annotation?, (simpleType | complexType)?, (unique | key | keyref)*)). A problem was found starting at: attribute.
2026-04-24 18:42:53,745 [ERROR] ConfigurationRetriever:142 - IOException on connection: Connection reset
2026-04-24 18:42:53,844 [INFO] PluginManage:359 - Loaded plugin pinoutconfig (category:base,tabindex:0)
2026-04-24 18:42:53,845 [INFO] PluginManage:310 - Check plugin power
2026-04-24 18:42:53,868 [INFO] PluginManage:359 - Loaded plugin power (category:power,tabindex:4)
2026-04-24 18:42:53,868 [INFO] PluginManage:310 - Check plugin projectmanager
2026-04-24 18:42:53,900 [INFO] PluginManage:359 - Loaded plugin projectmanager (category:projectmanager,tabindex:3)
2026-04-24 18:42:53,901 [INFO] PluginManage:310 - Check plugin thirdparty
2026-04-24 18:42:54,192 [WARN] IntegrityCheckThread:84 - waiting for thirdparty lock release [integrity check]
2026-04-24 18:42:54,193 [INFO] IntegrityCheckThread:86 - entering critical section [integrity check]
2026-04-24 18:42:54,195 [INFO] ThirdPartyUpdaterWithRetryManager:70 - Updater plugin not ready yet. [1/15]
2026-04-24 18:42:54,195 [INFO] PluginManage:359 - Loaded plugin thirdparty (category:base,tabindex:-1)
2026-04-24 18:42:54,196 [INFO] PluginManage:310 - Check plugin tools
2026-04-24 18:42:54,203 [INFO] PluginManage:359 - Loaded plugin tools (category:base,tabindex:7)
2026-04-24 18:42:54,203 [INFO] PluginManage:310 - Check plugin tutovideos
2026-04-24 18:42:54,507 [ERROR] ConfigurationRetriever:142 - IOException on connection: Connection reset
2026-04-24 18:42:54,569 [INFO] PluginManage:359 - Loaded plugin tutovideos (category:base,tabindex:-1)
2026-04-24 18:42:54,570 [INFO] PluginManage:310 - Check plugin updater
2026-04-24 18:42:54,591 [INFO] PluginManage:359 - Loaded plugin updater (category:base,tabindex:12)
2026-04-24 18:42:54,592 [INFO] PluginManage:310 - Check plugin userauth
2026-04-24 18:42:54,604 [INFO] UserAuth:114 - Init User Auth plugin
2026-04-24 18:42:54,604 [INFO] PluginManage:359 - Loaded plugin userauth (category:base,tabindex:14)
2026-04-24 18:42:54,606 [INFO] PluginManage:283 - PluginManage : Loaded plugins [17]
2026-04-24 18:42:55,043 [INFO] PinOutPanel:1499 - setPackage(No Configuration,No Configuration)
2026-04-24 18:42:55,197 [INFO] CADModel:165 - CPN selected for project level
2026-04-24 18:42:55,197 [INFO] CADModel:114 - Register for checkConnection events
2026-04-24 18:42:55,228 [INFO] IPUIPlugin:80 - create IPUIPlugin
2026-04-24 18:42:55,228 [INFO] PluginManager:220 - loadIPPluginJar : add adc
2026-04-24 18:42:55,235 [INFO] IPUIPlugin:80 - create IPUIPlugin
2026-04-24 18:42:55,236 [INFO] PluginManager:220 - loadIPPluginJar : add aes
2026-04-24 18:42:55,242 [INFO] IPUIPlugin:80 - create IPUIPlugin
2026-04-24 18:42:55,242 [INFO] PluginManager:220 - loadIPPluginJar : add can
2026-04-24 18:42:55,246 [INFO] IPUIPlugin:80 - create IPUIPlugin
2026-04-24 18:42:55,247 [INFO] PluginManager:220 - loadIPPluginJar : add comp
2026-04-24 18:42:55,249 [ERROR] ConfigurationRetriever:142 - IOException on connection: Connection reset
2026-04-24 18:42:55,254 [INFO] IPUIPlugin:80 - create IPUIPlugin
2026-04-24 18:42:55,255 [INFO] PluginManager:220 - loadIPPluginJar : add cryp
2026-04-24 18:42:55,262 [INFO] IPUIPlugin:80 - create IPUIPlugin
2026-04-24 18:42:55,262 [INFO] PluginManager:220 - loadIPPluginJar : add dfsdm
2026-04-24 18:42:55,273 [INFO] IPUIPlugin:80 - create IPUIPlugin
2026-04-24 18:42:55,274 [INFO] PluginManager:220 - loadIPPluginJar : add dma
2026-04-24 18:42:55,280 [INFO] IPUIPlugin:80 - create IPUIPlugin
2026-04-24 18:42:55,280 [INFO] PluginManager:220 - loadIPPluginJar : add dma3
2026-04-24 18:42:55,285 [INFO] IPUIPlugin:80 - create IPUIPlugin
2026-04-24 18:42:55,285 [INFO] PluginManager:220 - loadIPPluginJar : add fatfs
2026-04-24 18:42:55,294 [INFO] IPUIPlugin:80 - create IPUIPlugin
2026-04-24 18:42:55,294 [INFO] PluginManager:220 - loadIPPluginJar : add fmc
2026-04-24 18:42:55,305 [INFO] IPUIPlugin:80 - create IPUIPlugin
2026-04-24 18:42:55,306 [INFO] PluginManager:220 - loadIPPluginJar : add freertos
2026-04-24 18:42:55,309 [INFO] IPUIPlugin:80 - create IPUIPlugin
2026-04-24 18:42:55,310 [INFO] PluginManager:220 - loadIPPluginJar : add genericplugin
2026-04-24 18:42:55,318 [INFO] IPUIPlugin:80 - create IPUIPlugin
2026-04-24 18:42:55,319 [INFO] PluginManager:220 - loadIPPluginJar : add gfxmmu
2026-04-24 18:42:55,334 [INFO] IPUIPlugin:80 - create IPUIPlugin
2026-04-24 18:42:55,334 [INFO] PluginManager:220 - loadIPPluginJar : add gic
2026-04-24 18:42:55,344 [INFO] IPUIPlugin:80 - create IPUIPlugin
2026-04-24 18:42:55,345 [INFO] PluginManager:220 - loadIPPluginJar : add gpio
2026-04-24 18:42:55,352 [INFO] IPUIPlugin:80 - create IPUIPlugin
2026-04-24 18:42:55,352 [INFO] PluginManager:220 - loadIPPluginJar : add gtzc
2026-04-24 18:42:55,359 [INFO] IPUIPlugin:80 - create IPUIPlugin
2026-04-24 18:42:55,359 [INFO] PluginManager:220 - loadIPPluginJar : add hash
2026-04-24 18:42:55,369 [INFO] IPUIPlugin:80 - create IPUIPlugin
2026-04-24 18:42:55,369 [INFO] PluginManager:220 - loadIPPluginJar : add i2c
2026-04-24 18:42:55,378 [INFO] IPUIPlugin:80 - create IPUIPlugin
2026-04-24 18:42:55,378 [INFO] PluginManager:220 - loadIPPluginJar : add i2s
2026-04-24 18:42:55,386 [INFO] IPUIPlugin:80 - create IPUIPlugin
2026-04-24 18:42:55,386 [INFO] PluginManager:220 - loadIPPluginJar : add i3c
2026-04-24 18:42:55,422 [INFO] IPUIPlugin:80 - create IPUIPlugin
2026-04-24 18:42:55,424 [INFO] PluginManager:220 - loadIPPluginJar : add ipddr
2026-04-24 18:42:55,459 [INFO] IPUIPlugin:80 - create IPUIPlugin
2026-04-24 18:42:55,459 [INFO] PluginManager:220 - loadIPPluginJar : add linkedlist
2026-04-24 18:42:55,469 [INFO] IPUIPlugin:80 - create IPUIPlugin
2026-04-24 18:42:55,470 [INFO] PluginManager:220 - loadIPPluginJar : add lorawan
2026-04-24 18:42:55,479 [INFO] IPUIPlugin:80 - create IPUIPlugin
2026-04-24 18:42:55,486 [INFO] PluginManager:220 - loadIPPluginJar : add ltdc
2026-04-24 18:42:55,505 [INFO] IPUIPlugin:80 - create IPUIPlugin
2026-04-24 18:42:55,506 [INFO] PluginManager:220 - loadIPPluginJar : add mdma
2026-04-24 18:42:55,519 [INFO] IPUIPlugin:80 - create IPUIPlugin
2026-04-24 18:42:55,519 [INFO] PluginManager:220 - loadIPPluginJar : add nvic
2026-04-24 18:42:55,534 [INFO] IPUIPlugin:80 - create IPUIPlugin
2026-04-24 18:42:55,535 [INFO] PluginManager:220 - loadIPPluginJar : add opamp
2026-04-24 18:42:55,548 [INFO] IPUIPlugin:80 - create IPUIPlugin
2026-04-24 18:42:55,548 [INFO] PluginManager:220 - loadIPPluginJar : add openamp
2026-04-24 18:42:55,561 [INFO] IPUIPlugin:80 - create IPUIPlugin
2026-04-24 18:42:55,561 [INFO] PluginManager:220 - loadIPPluginJar : add pdm2pcm
2026-04-24 18:42:55,582 [INFO] IPUIPlugin:80 - create IPUIPlugin
2026-04-24 18:42:55,589 [INFO] PluginManager:220 - loadIPPluginJar : add plateformsettings
2026-04-24 18:42:55,597 [INFO] IPUIPlugin:80 - create IPUIPlugin
2026-04-24 18:42:55,597 [INFO] PluginManager:220 - loadIPPluginJar : add quadspi
2026-04-24 18:42:55,609 [INFO] IPUIPlugin:80 - create IPUIPlugin
2026-04-24 18:42:55,609 [INFO] PluginManager:220 - loadIPPluginJar : add resmgrutility
2026-04-24 18:42:55,619 [INFO] IPUIPlugin:80 - create IPUIPlugin
2026-04-24 18:42:55,621 [INFO] PluginManager:220 - loadIPPluginJar : add sai
2026-04-24 18:42:55,645 [INFO] IPUIPlugin:80 - create IPUIPlugin
2026-04-24 18:42:55,646 [INFO] PluginManager:220 - loadIPPluginJar : add spi
2026-04-24 18:42:55,662 [INFO] IPUIPlugin:80 - create IPUIPlugin
2026-04-24 18:42:55,663 [INFO] PluginManager:220 - loadIPPluginJar : add stm32_wpan
2026-04-24 18:42:55,678 [INFO] IPUIPlugin:80 - create IPUIPlugin
2026-04-24 18:42:55,679 [INFO] PluginManager:220 - loadIPPluginJar : add tim
2026-04-24 18:42:55,693 [INFO] IPUIPlugin:80 - create IPUIPlugin
2026-04-24 18:42:55,693 [INFO] PluginManager:220 - loadIPPluginJar : add touchsensing
2026-04-24 18:42:55,700 [INFO] IPUIPlugin:80 - create IPUIPlugin
2026-04-24 18:42:55,709 [INFO] PluginManager:220 - loadIPPluginJar : add tracer_emb
2026-04-24 18:42:55,717 [INFO] IPUIPlugin:80 - create IPUIPlugin
2026-04-24 18:42:55,717 [INFO] PluginManager:220 - loadIPPluginJar : add ts
2026-04-24 18:42:55,725 [INFO] IPUIPlugin:80 - create IPUIPlugin
2026-04-24 18:42:55,726 [INFO] PluginManager:220 - loadIPPluginJar : add tsc
2026-04-24 18:42:55,734 [INFO] IPUIPlugin:80 - create IPUIPlugin
2026-04-24 18:42:55,735 [INFO] PluginManager:220 - loadIPPluginJar : add ucpd
2026-04-24 18:42:55,746 [INFO] IPUIPlugin:80 - create IPUIPlugin
2026-04-24 18:42:55,747 [INFO] PluginManager:220 - loadIPPluginJar : add usart
2026-04-24 18:42:55,759 [INFO] IPUIPlugin:80 - create IPUIPlugin
2026-04-24 18:42:55,759 [INFO] PluginManager:220 - loadIPPluginJar : add usbx
2026-04-24 18:42:56,029 [INFO] CADModel:165 - CPN selected for project level
2026-04-24 18:42:56,029 [INFO] CADModel:114 - Register for checkConnection events
2026-04-24 18:42:56,029 [FATAL] Updater:308 - Updater called before beeing initialized
2026-04-24 18:42:56,029 [ERROR] CADModel:125 - Updater not yet initialized, retry later 
2026-04-24 18:42:56,381 [INFO] CADModel:165 - CPN selected for project level
2026-04-24 18:42:56,381 [INFO] CADModel:114 - Register for checkConnection events
2026-04-24 18:42:56,382 [FATAL] Updater:308 - Updater called before beeing initialized
2026-04-24 18:42:56,382 [ERROR] CADModel:125 - Updater not yet initialized, retry later 
2026-04-24 18:42:56,388 [FATAL] Updater:308 - Updater called before beeing initialized
2026-04-24 18:42:56,760 [FATAL] Updater:308 - Updater called before beeing initialized
2026-04-24 18:42:56,775 [INFO] DbMcusAds:53 - JSON generation date=Thu Sep 30 10:25:09 IRST 2021 (1632984909247)
2026-04-24 18:42:56,775 [FATAL] Updater:308 - Updater called before beeing initialized
2026-04-24 18:42:56,880 [WARN] DetailPanel:346 - Failed to get advertising image, set to default
2026-04-24 18:42:57,152 [FATAL] Updater:308 - Updater called before beeing initialized
2026-04-24 18:42:57,156 [FATAL] Updater:308 - Updater called before beeing initialized
2026-04-24 18:42:57,156 [FATAL] Updater:308 - Updater called before beeing initialized
2026-04-24 18:42:57,156 [WARN] DetailPanel:346 - Failed to get advertising image, set to default
2026-04-24 18:42:57,157 [FATAL] Updater:308 - Updater called before beeing initialized
2026-04-24 18:42:57,197 [INFO] ThirdPartyUpdaterWithRetryManager:70 - Updater plugin not ready yet. [2/15]
2026-04-24 18:42:57,363 [ERROR] Updater:1120 - MainUpdater not yet initialized. External WinMGr cannot be set.
2026-04-24 18:42:57,376 [INFO] Updater:1056 - Updater Version found : 6.10.0
2026-04-24 18:42:57,418 [INFO] ApplicationProperties:184 - Using Application install path: C:\ST\STM32CubeIDE_1.14.0\STM32CubeIDE\plugins\com.st.stm32cube.common.mx_6.10.0.202311202037
2026-04-24 18:42:59,018 [ERROR] LogOutputStream:75 - [STDERR_REDIRECT] Apr 24, 2026 6:42:59 PM java.util.prefs.WindowsPreferences <init>
2026-04-24 18:42:59,022 [ERROR] LogOutputStream:75 - [STDERR_REDIRECT] WARNING: Could not open/create prefs root node Software\JavaSoft\Prefs at root 0xffffffff80000002. Windows RegCreateKeyEx(...) returned error code 5.
2026-04-24 18:42:59,022 [ERROR] LogOutputStream:75 - [STDERR_REDIRECT] 
2026-04-24 18:43:00,198 [FATAL] Updater:308 - Updater called before beeing initialized
2026-04-24 18:43:00,202 [ERROR] IntegrityCheckThread:130 - Cannot retrieve database content from updater: error 21
2026-04-24 18:43:00,203 [INFO] ThirdParty:978 - Integrity check success = false
2026-04-24 18:43:00,204 [INFO] IntegrityCheckThread:100 - exiting critical section [integrity check]
2026-04-24 18:43:00,204 [INFO] IntegrityCheckThread:103 - End integrity checks thread
2026-04-24 18:43:00,373 [INFO] RetryExec:97 - I/O exception (java.net.SocketException) caught when processing request to {s}->https://sw-center.st.com:443: Connection reset
2026-04-24 18:43:00,374 [INFO] RetryExec:113 - Retrying request to {s}->https://sw-center.st.com:443
2026-04-24 18:43:01,130 [INFO] RetryExec:97 - I/O exception (java.net.SocketException) caught when processing request to {s}->https://sw-center.st.com:443: Connection reset
2026-04-24 18:43:01,130 [INFO] RetryExec:113 - Retrying request to {s}->https://sw-center.st.com:443
2026-04-24 18:43:01,929 [INFO] RetryExec:97 - I/O exception (java.net.SocketException) caught when processing request to {s}->https://sw-center.st.com:443: Connection reset
2026-04-24 18:43:01,929 [INFO] RetryExec:113 - Retrying request to {s}->https://sw-center.st.com:443
2026-04-24 18:43:02,727 [INFO] MainUpdater:2873 - connection check result : 22
2026-04-24 18:43:02,728 [INFO] MainUpdater:290 - Updater Check For Update Now.
2026-04-24 18:43:02,728 [INFO] MicroXplorer:498 - Change Database Version : DB.6.0.100
2026-04-24 18:43:02,754 [INFO] McuFinderGlobals:63 - Set McuFinder mode to 2 (CubeIDE integrated)
2026-04-24 18:43:02,754 [INFO] UserAuth:180 - activating auth plugin
2026-04-24 18:43:02,764 [INFO] UserAuth:404 - Internet connection configuration mode: 2
2026-04-24 18:43:02,905 [INFO] UserAuth:404 - Internet connection configuration mode: 2
2026-04-24 18:43:03,398 [INFO] CheckServerUpdateThread:120 - End of CheckServer Thread
2026-04-24 18:43:24,838 [ERROR] LogOutputStream:75 - [STDERR_REDIRECT] SLF4J: Failed to load class "org.slf4j.impl.StaticLoggerBinder".
2026-04-24 18:43:24,842 [ERROR] LogOutputStream:75 - [STDERR_REDIRECT] SLF4J: Defaulting to no-operation (NOP) logger implementation
2026-04-24 18:43:24,850 [ERROR] LogOutputStream:75 - [STDERR_REDIRECT] SLF4J: See http://www.slf4j.org/codes.html#StaticLoggerBinder for further details.
2026-04-24 18:52:50,993 [ERROR] ConfigurationRetriever:142 - IOException on connection: Connection reset
2026-04-24 18:52:51,780 [ERROR] ConfigurationRetriever:142 - IOException on connection: Connection reset
2026-04-24 18:52:52,577 [ERROR] ConfigurationRetriever:142 - IOException on connection: Connection reset
2026-04-24 21:17:11,141 [ERROR] ConfigurationRetriever:142 - IOException on connection: Connection reset
2026-04-24 21:17:11,896 [ERROR] ConfigurationRetriever:142 - IOException on connection: Connection reset
2026-04-24 21:17:12,762 [ERROR] ConfigurationRetriever:142 - IOException on connection: Connection reset
2026-04-24 21:53:01,546 [ERROR] ConfigurationRetriever:142 - IOException on connection: sw-center.st.com
2026-04-24 21:53:01,547 [ERROR] ConfigurationRetriever:142 - IOException on connection: sw-center.st.com
2026-04-24 21:53:01,548 [ERROR] ConfigurationRetriever:142 - IOException on connection: sw-center.st.com
2026-04-24 21:53:06,723 [ERROR] ConfigurationRetriever:142 - IOException on connection: sw-center.st.com
2026-04-24 21:53:06,724 [ERROR] ConfigurationRetriever:142 - IOException on connection: sw-center.st.com
2026-04-24 21:53:06,725 [ERROR] ConfigurationRetriever:142 - IOException on connection: sw-center.st.com
2026-04-24 22:09:21,456 [ERROR] ConfigurationRetriever:142 - IOException on connection: sw-center.st.com
2026-04-24 22:09:21,459 [ERROR] ConfigurationRetriever:142 - IOException on connection: sw-center.st.com
2026-04-24 22:09:21,462 [ERROR] ConfigurationRetriever:142 - IOException on connection: sw-center.st.com
