17:55:59 **** Incremental Build of configuration Debug for project f4disc1_011_bxcan ****
make -j4 all 
arm-none-eabi-gcc "../Core/Src/main.c" -mcpu=cortex-m4 -std=gnu11 -g3 -DDEBUG -DUSE_HAL_DRIVER -DSTM32F407xx -c -I../USB_HOST/App -I../USB_HOST/Target -I../Core/Inc -I../Drivers/STM32F4xx_HAL_Driver/Inc -I../Drivers/STM32F4xx_HAL_Driver/Inc/Legacy -I../Middlewares/ST/STM32_USB_Host_Library/Core/Inc -I../Middlewares/ST/STM32_USB_Host_Library/Class/CDC/Inc -I../Drivers/CMSIS/Device/ST/STM32F4xx/Include -I../Drivers/CMSIS/Include -O0 -ffunction-sections -fdata-sections -Wall -fstack-usage -fcyclomatic-complexity -MMD -MP -MF"Core/Src/main.d" -MT"Core/Src/main.o" --specs=nano.specs -mfpu=fpv4-sp-d16 -mfloat-abi=hard -mthumb -o "Core/Src/main.o"
../Core/Src/main.c: In function 'main':
../Core/Src/main.c:127:13: warning: unused variable 'f_successful' [-Wunused-variable]
  127 |     uint8_t f_successful = 1;
      |             ^~~~~~~~~~~~
arm-none-eabi-gcc -o "f4disc1_011_bxcan.elf" @"objects.list"   -mcpu=cortex-m4 -T"C:\Users\s\Documents\GitHub\stm32_code\f4disc1_011_bxcan\STM32F407VGTX_FLASH.ld" --specs=nosys.specs -Wl,-Map="f4disc1_011_bxcan.map" -Wl,--gc-sections -static --specs=nano.specs -mfpu=fpv4-sp-d16 -mfloat-abi=hard -mthumb -Wl,--start-group -lc -lm -Wl,--end-group
Finished building target: f4disc1_011_bxcan.elf
 
arm-none-eabi-size  f4disc1_011_bxcan.elf 
arm-none-eabi-objdump -h -S f4disc1_011_bxcan.elf  > "f4disc1_011_bxcan.list"
   text	   data	    bss	    dec	    hex	filename
  37048	    132	   4164	  41344	   a180	f4disc1_011_bxcan.elf
Finished building: default.size.stdout
 
Finished building: f4disc1_011_bxcan.list
 
